\BOOKMARK [1][-]{section.1}{\376\377\000C\000o\000n\000v\000e\000n\000t\000i\000o\000n\000s\000\040\000o\000n\000\040\000s\000p\000e\000c\000t\000r\000a\000l\000\040\000s\000e\000q\000u\000e\000n\000c\000e\000s}{}% 1
\BOOKMARK [1][-]{section.2}{\376\377\000A\000\040\000f\000u\000l\000l\000y\000\040\000w\000o\000r\000k\000e\000d\000\040\000e\000x\000a\000m\000p\000l\000e\000:\000\040\000t\000h\000e\000\040\000S\000e\000r\000r\000e\000\040\000S\000S\000\040\000o\000f\000\040\000a\000\040\000p\000a\000t\000h\040\023\000l\000o\000o\000p\000\040\000f\000i\000b\000r\000a\000t\000i\000o\000n}{}% 2
\BOOKMARK [2][-]{subsection.2.1}{\376\377\000T\000h\000e\000\040\000s\000e\000t\000u\000p}{section.2}% 3
\BOOKMARK [2][-]{subsection.2.2}{\376\377\000W\000h\000i\000c\000h\000\040\000d\000i\000f\000f\000e\000r\000e\000n\000t\000i\000a\000l\000s\000\040\000c\000a\000n\000\040\000b\000e\000\040\000n\000o\000n\000z\000e\000r\000o\000?}{section.2}% 4
\BOOKMARK [2][-]{subsection.2.3}{\376\377\000C\000o\000n\000v\000e\000r\000g\000e\000n\000c\000e\000\040\000f\000o\000r\000c\000e\000s\000\040\000d\000n\000\040\000t\000o\000\040\000b\000e\000\040\000a\000n\000\040\000i\000s\000o\000m\000o\000r\000p\000h\000i\000s\000m}{section.2}% 5
\BOOKMARK [2][-]{subsection.2.4}{\376\377\000A\000\040\000c\000o\000n\000c\000r\000e\000t\000e\000\040\000p\000a\000g\000e\000:\000\040\000n\000=\0003}{section.2}% 6
\BOOKMARK [2][-]{subsection.2.5}{\376\377\000M\000u\000l\000t\000i\000p\000l\000i\000c\000a\000t\000i\000v\000i\000t\000y\000\040\000a\000n\000d\000\040\000t\000h\000e\000\040\000i\000n\000t\000e\000g\000r\000a\000l\000\040\000e\000x\000t\000e\000n\000s\000i\000o\000n\000\040\000p\000r\000o\000b\000l\000e\000m}{section.2}% 7
\BOOKMARK [1][-]{section.3}{\376\377\000T\000h\000e\000\040\000A\000t\000i\000y\000a\000h\040\023\000H\000i\000r\000z\000e\000b\000r\000u\000c\000h\000\040\000s\000p\000e\000c\000t\000r\000a\000l\000\040\000s\000e\000q\000u\000e\000n\000c\000e}{}% 8
\BOOKMARK [2][-]{subsection.3.1}{\376\377\000D\000e\000f\000i\000n\000i\000t\000i\000o\000n}{section.3}% 9
\BOOKMARK [2][-]{subsection.3.2}{\376\377\000C\000o\000m\000p\000l\000e\000x\000\040\000K\040\023\000t\000h\000e\000o\000r\000y}{section.3}% 10
\BOOKMARK [1][-]{section.4}{\376\377\000T\000h\000e\000\040\000f\000i\000r\000s\000t\000\040\000d\000i\000f\000f\000e\000r\000e\000n\000t\000i\000a\000l\000:\000\040\000d\0003\000=\000`\0003\003\001\0009\000`\0004\0002\000`\000"\003\007\0006\0001\0003\000A\000`\000`\0004\0005\000`\0004\0007\000`\000"\0006\0000\0003\000A\000S\000q\000"\0000\0003\0006\0005\000`\0003\003\001\0009\000`\0004\0002\000`\000"\003\007\0006\0001\0003\000A\000`\000`\0004\0005\000`\0004\0007\000`\000"\0006\0000\0003\000A\000S\000q\0003}{}% 11
\BOOKMARK [1][-]{section.5}{\376\377\000A\000\040\000s\000e\000c\000o\000n\000d\000\040\000A\000H\000S\000S\000\040\000w\000o\000r\000k\000e\000d\000\040\000e\000x\000a\000m\000p\000l\000e\000:\000\040\000K\000U\000"\0000\0003\0006\0005\000K\000U\0000\000\050\000R\000P\0002\000n\000\051\000=\000Z\000/\0002\000n}{}% 12
\BOOKMARK [1][-]{section.6}{\376\377\000T\000h\000e\000\040\000o\000b\000s\000t\000r\000u\000c\000t\000i\000o\000n\000:\000\040\000a\000l\000g\000e\000b\000r\000a\000i\000c\000\040\000c\000l\000a\000s\000s\000e\000s\000\040\000a\000r\000e\000\040\000p\000e\000r\000m\000a\000n\000e\000n\000t\000\040\000c\000y\000c\000l\000e\000s}{}% 13
\BOOKMARK [2][-]{subsection.6.1}{\376\377\000C\000y\000c\000l\000e\000\040\000c\000l\000a\000s\000s\000e\000s\000\040\000l\000i\000f\000t\000\040\000t\000o\000\040\000K\040\023\000t\000h\000e\000o\000r\000y}{section.6}% 14
\BOOKMARK [1][-]{section.7}{\376\377\000T\000h\000e\000\040\000c\000o\000u\000n\000t\000e\000r\000e\000x\000a\000m\000p\000l\000e}{}% 15
\BOOKMARK [2][-]{subsection.7.1}{\376\377\000S\000t\000a\000t\000e\000m\000e\000n\000t}{section.7}% 16
\BOOKMARK [2][-]{subsection.7.2}{\376\377\000T\000o\000r\000s\000i\000o\000n\000\040\000c\000l\000a\000s\000s\000e\000s\000\040\000a\000r\000e\000\040\000H\000o\000d\000g\000e}{section.7}% 17
\BOOKMARK [2][-]{subsection.7.3}{\376\377\000R\000e\000a\000l\000i\000z\000i\000n\000g\000\040\000g\000r\000o\000u\000p\000\040\000c\000o\000h\000o\000m\000o\000l\000o\000g\000y\000\040\000p\000r\000o\000j\000e\000c\000t\000i\000v\000e\000l\000y\000\040\000\050\000G\000o\000d\000e\000a\000u\000x\040\023\000S\000e\000r\000r\000e\000\051}{section.7}% 18
\BOOKMARK [2][-]{subsection.7.4}{\376\377\000T\000h\000e\000\040\000e\000x\000p\000l\000i\000c\000i\000t\000\040\000t\000o\000r\000s\000i\000o\000n\000\040\000c\000l\000a\000s\000s\000\040\000o\000n\000\040\000B\000\050\000Z\000/\0002\000\051\0003}{section.7}% 19
\BOOKMARK [2][-]{subsection.7.5}{\376\377\000C\000o\000n\000c\000l\000u\000s\000i\000o\000n}{section.7}% 20
