\BOOKMARK [1][-]{section.1}{\376\377\000I\000n\000t\000r\000o\000d\000u\000c\000t\000i\000o\000n}{}% 1
\BOOKMARK [2][-]{subsection*.1}{\376\377\000R\000o\000a\000d\000m\000a\000p\000\040\000a\000n\000d\000\040\000P\000r\000e\000r\000e\000q\000u\000i\000s\000i\000t\000e\000s}{section.1}% 2
\BOOKMARK [1][-]{section.2}{\376\377\000T\000h\000e\000\040\000T\000o\000p\000o\000l\000o\000g\000i\000c\000a\000l\000\040\000S\000t\000a\000g\000e}{}% 3
\BOOKMARK [2][-]{subsection*.2}{\376\377\000P\000o\000i\000n\000c\000a\000r\000\351\000\040\000D\000u\000a\000l\000i\000t\000y\000\040\000a\000n\000d\000\040\000t\000h\000e\000\040\000C\000u\000p\000\040\000P\000r\000o\000d\000u\000c\000t\000\040\000a\000s\000\040\000I\000n\000t\000e\000r\000s\000e\000c\000t\000i\000o\000n}{section.2}% 4
\BOOKMARK [1][-]{section.3}{\376\377\000T\000h\000e\000\040\000A\000n\000a\000l\000y\000t\000i\000c\000\040\000S\000t\000a\000g\000e}{}% 5
\BOOKMARK [2][-]{subsection*.3}{\376\377\000T\000h\000e\000\040\000H\000o\000d\000g\000e\000\040\000L\000a\000p\000l\000a\000c\000i\000a\000n\000\040\000a\000n\000d\000\040\000H\000a\000r\000m\000o\000n\000i\000c\000\040\000F\000o\000r\000m\000s}{section.3}% 6
\BOOKMARK [1][-]{section.4}{\376\377\000T\000h\000e\000\040\000C\000o\000m\000p\000l\000e\000x\000\040\000S\000t\000a\000g\000e}{}% 7
\BOOKMARK [2][-]{subsection*.4}{\376\377\000D\000o\000l\000b\000e\000a\000u\000l\000t\000\040\000C\000o\000h\000o\000m\000o\000l\000o\000g\000y}{section.4}% 8
\BOOKMARK [2][-]{subsection*.5}{\376\377\000K\000\344\000h\000l\000e\000r\000\040\000M\000a\000n\000i\000f\000o\000l\000d\000s}{section.4}% 9
\BOOKMARK [2][-]{subsection*.6}{\376\377\000T\000h\000e\000\040\000H\000o\000d\000g\000e\000\040\000D\000e\000c\000o\000m\000p\000o\000s\000i\000t\000i\000o\000n\000\040\000f\000o\000r\000\040\000K\000\344\000h\000l\000e\000r\000\040\000M\000a\000n\000i\000f\000o\000l\000d\000s}{section.4}% 10
\BOOKMARK [1][-]{section.5}{\376\377\000T\000h\000e\000\040\000B\000r\000i\000d\000g\000e\000:\000\040\000L\000i\000n\000e\000\040\000B\000u\000n\000d\000l\000e\000s\000\040\000a\000n\000d\000\040\000C\000h\000a\000r\000a\000c\000t\000e\000r\000i\000s\000t\000i\000c\000\040\000C\000l\000a\000s\000s\000e\000s}{}% 11
\BOOKMARK [2][-]{subsection*.7}{\376\377\000C\000h\000e\000r\000n\000-\000W\000e\000i\000l\000\040\000T\000h\000e\000o\000r\000y}{section.5}% 12
\BOOKMARK [2][-]{subsection*.8}{\376\377\000T\000h\000e\000\040\000L\000e\000f\000s\000c\000h\000e\000t\000z\000\040\000\050\0001\000,\0001\000\051\000\040\000T\000h\000e\000o\000r\000e\000m}{section.5}% 13
\BOOKMARK [2][-]{subsection*.9}{\376\377\000T\000h\000e\000\040\000K\000o\000d\000a\000i\000r\000a\000\040\000E\000m\000b\000e\000d\000d\000i\000n\000g\000\040\000T\000h\000e\000o\000r\000e\000m}{section.5}% 14
\BOOKMARK [1][-]{section.6}{\376\377\000T\000h\000e\000\040\000A\000l\000g\000e\000b\000r\000a\000i\000c\000\040\000S\000t\000a\000g\000e}{}% 15
\BOOKMARK [2][-]{subsection*.10}{\376\377\000A\000l\000g\000e\000b\000r\000a\000i\000c\000\040\000C\000y\000c\000l\000e\000s\000\040\000a\000n\000d\000\040\000R\000a\000t\000i\000o\000n\000a\000l\000\040\000E\000q\000u\000i\000v\000a\000l\000e\000n\000c\000e}{section.6}% 16
\BOOKMARK [2][-]{subsection*.11}{\376\377\000T\000h\000e\000\040\000C\000h\000o\000w\000\040\000R\000i\000n\000g\000\040\000a\000n\000d\000\040\000t\000h\000e\000\040\000C\000y\000c\000l\000e\000\040\000C\000l\000a\000s\000s\000\040\000M\000a\000p}{section.6}% 17
\BOOKMARK [1][-]{section.7}{\376\377\000T\000h\000e\000\040\000I\000n\000t\000e\000g\000r\000a\000l\000\040\000H\000o\000d\000g\000e\000\040\000C\000o\000n\000j\000e\000c\000t\000u\000r\000e}{}% 18
\BOOKMARK [1][-]{section.8}{\376\377\000T\000h\000e\000\040\000H\000o\000d\000g\000e\000\040\000C\000o\000n\000j\000e\000c\000t\000u\000r\000e}{}% 19
\BOOKMARK [2][-]{subsection*.12}{\376\377\000W\000h\000y\000\040\000\050\000p\000,\000p\000\051\000?\000\040\000A\000n\000d\000\040\000W\000h\000y\000\040\000Q\000?}{section.8}% 20
\BOOKMARK [2][-]{subsection*.13}{\376\377\000W\000h\000a\000t\000\040\000I\000s\000\040\000K\000n\000o\000w\000n}{section.8}% 21
