\BOOKMARK [0][-]{chapter.1}{\376\377\000M\000o\000t\000i\000v\000a\000t\000i\000o\000n\000:\000\040\000R\000i\000e\000m\000a\000n\000n\000\040\000R\000o\000c\000h\000\040\000P\000r\000o\000b\000l\000e\000m}{}% 1
\BOOKMARK [1][-]{section.1.1}{\376\377\000R\000i\000e\000m\000a\000n\000n\000\040\000R\000o\000c\000h\000\040\000P\000r\000o\000b\000l\000e\000m}{chapter.1}% 2
\BOOKMARK [1][-]{section.1.2}{\376\377\000M\000o\000t\000i\000v\000a\000t\000i\000n\000g\000\040\000t\000h\000e\000\040\000G\000e\000n\000e\000r\000a\000l\000i\000z\000a\000t\000i\000o\000n}{chapter.1}% 3
\BOOKMARK [2][-]{subsection.1.2.1}{\376\377\000H\000o\000w\000\040\000d\000o\000\040\000V\000e\000c\000t\000o\000r\000\040\000B\000u\000n\000d\000l\000e\000s\000\040\000e\000n\000t\000e\000r\000\040\000t\000h\000e\000\040\000P\000i\000c\000t\000u\000r\000e}{section.1.2}% 4
\BOOKMARK [2][-]{subsection.1.2.2}{\376\377\000M\000o\000t\000i\000v\000a\000t\000i\000n\000g\000\040\000E\000u\000l\000e\000r\000\040\000C\000h\000a\000r\000a\000c\000t\000e\000r\000i\000s\000t\000i\000c}{section.1.2}% 5
\BOOKMARK [2][-]{subsection.1.2.3}{\376\377\000M\000o\000t\000i\000v\000a\000t\000i\000n\000g\000\040\000C\000h\000a\000r\000a\000c\000t\000e\000r\000i\000s\000t\000i\000c\000\040\000T\000h\000e\000o\000r\000y}{section.1.2}% 6
\BOOKMARK [0][-]{chapter.2}{\376\377\000N\000e\000c\000e\000s\000s\000a\000r\000y\000\040\000V\000e\000c\000t\000o\000r\000\040\000B\000u\000n\000d\000l\000e\000\040\000T\000h\000e\000o\000r\000y}{}% 7
\BOOKMARK [1][-]{section.2.1}{\376\377\000D\000e\000f\000i\000n\000i\000t\000i\000o\000n\000s\000\040\000a\000n\000d\000\040\000k\000e\000y\000\040\000R\000e\000s\000u\000l\000t\000s}{chapter.2}% 8
\BOOKMARK [1][-]{section.2.2}{\376\377\000T\000h\000e\000\040\000S\000p\000l\000i\000t\000t\000i\000n\000g\000\040\000P\000r\000i\000n\000c\000i\000p\000l\000e}{chapter.2}% 9
\BOOKMARK [1][-]{section.2.3}{\376\377\000C\000h\000e\000r\000n\000\040\000a\000n\000d\000\040\000P\000o\000n\000t\000r\000y\000a\000g\000i\000n\000\040\000C\000l\000a\000s\000s\000e\000s}{chapter.2}% 10
\BOOKMARK [1][-]{section.2.4}{\376\377\000C\000h\000e\000r\000n\000\040\000C\000h\000a\000r\000a\000c\000t\000e\000r\000\040\000a\000n\000d\000\040\000K\000-\000T\000h\000e\000o\000r\000y}{chapter.2}% 11
\BOOKMARK [0][-]{chapter.3}{\376\377\000C\000o\000h\000o\000m\000o\000l\000o\000g\000y\000\040\000o\000f\000\040\000V\000a\000r\000i\000e\000t\000i\000e\000s\000\040\040\023\000\040\000n\000e\000w\000\040\000E\000u\000l\000e\000r\000\040\000C\000h\000a\000r\000a\000c\000t\000e\000r\000i\000s\000t\000i\000c\000s}{}% 12
\BOOKMARK [1][-]{section.3.1}{\376\377\000D\000o\000l\000b\000e\000a\000u\000l\000t\000\040\000C\000o\000h\000o\000m\000o\000l\000o\000g\000y}{chapter.3}% 13
\BOOKMARK [1][-]{section.3.2}{\376\377\000G\000e\000o\000m\000e\000t\000r\000i\000c\000-\000A\000l\000g\000e\000b\000r\000a\000i\000c\000\040\000B\000r\000i\000d\000g\000e\000:\000\040\000K\000\344\000h\000l\000e\000r\000\040\000M\000a\000n\000i\000f\000o\000l\000d}{chapter.3}% 14
\BOOKMARK [1][-]{section.3.3}{\376\377\000E\000u\000l\000e\000r\000\040\000C\000h\000a\000r\000a\000c\000t\000e\000r\000i\000s\000t\000i\000c\000\040\000a\000n\000d\000\040\000G\000e\000n\000e\000r\000a\000l\000i\000z\000a\000t\000i\000o\000n}{chapter.3}% 15
\BOOKMARK [2][-]{subsection.3.3.1}{\376\377\000E\000u\000l\000e\000r\000\040\000C\000h\000a\000r\000a\000c\000t\000e\000r\000i\000s\000t\000i\000c\000\040\000o\000n\000\040\000I\000n\000t\000e\000r\000s\000e\000c\000t\000i\000o\000n\000s}{section.3.3}% 16
\BOOKMARK [1][-]{section.3.4}{\376\377\000V\000i\000r\000t\000u\000a\000l\000\040\000y\000-\000c\000h\000a\000r\000a\000c\000t\000e\000r\000i\000s\000t\000i\000c}{chapter.3}% 17
\BOOKMARK [2][-]{subsection.3.4.1}{\376\377\000A\000r\000i\000t\000h\000m\000e\000t\000i\000c}{section.3.4}% 18
\BOOKMARK [2][-]{subsection.3.4.2}{\376\377\000R\000e\000l\000a\000t\000i\000n\000g\000\040\000E\000u\000l\000e\000r\000\040\000C\000h\000a\000r\000a\000c\000t\000e\000r\000i\000s\000t\000i\000c\000\040\000t\000o\000\040\000C\000h\000e\000r\000n\000\040\000N\000u\000m\000b\000e\000r\000s}{section.3.4}% 19
\BOOKMARK [1][-]{section.3.5}{\376\377\000*\000V\000a\000n\000i\000s\000h\000i\000n\000g\000\040\000T\000h\000e\000o\000r\000e\000m\000s}{chapter.3}% 20
\BOOKMARK [0][-]{chapter.4}{\376\377\000T\000o\000d\000d\000\040\000C\000l\000a\000s\000s}{}% 21
\BOOKMARK [1][-]{section.4.1}{\376\377\000A\000l\000g\000e\000b\000r\000a\000i\000c\000\040\000B\000u\000i\000l\000d\000-\000u\000p\000:\000\040\000M\000u\000l\000t\000i\000p\000l\000i\000c\000a\000t\000i\000v\000e\000\040\000s\000e\000q\000u\000e\000n\000c\000e\000s}{chapter.4}% 22
\BOOKMARK [2][-]{subsection.4.1.1}{\376\377\000G\000e\000n\000e\000r\000a\000t\000i\000n\000g\000\040\000F\000u\000n\000c\000t\000i\000o\000n}{section.4.1}% 23
\BOOKMARK [1][-]{section.4.2}{\376\377\000T\000o\000d\000d\000\040\000C\000l\000a\000s\000s}{chapter.4}% 24
\BOOKMARK [2][-]{subsection.4.2.1}{\376\377\000V\000i\000r\000t\000u\000a\000l\000\040\000T\000o\000d\000d\000\040\000G\000e\000n\000u\000s}{section.4.2}% 25
\BOOKMARK [1][-]{section.4.3}{\376\377\000T\000-\000c\000h\000a\000r\000a\000c\000t\000e\000r\000i\000s\000t\000i\000c\000\040\040\023\000\040\000c\000o\000m\000b\000i\000n\000i\000n\000g\000\040\000A\000l\000g\000e\000b\000r\000a\000i\000c\000\040\000a\000n\000d\000\040\000G\000e\000o\000m\000e\000t\000r\000i\000c\000\040\000i\000n\000f\000o\000r\000m\000a\000t\000i\000o\000n}{chapter.4}% 26
\BOOKMARK [1][-]{section.4.4}{\376\377\000T\000o\000d\000d\000\040\000G\000e\000n\000u\000s\000\040\000I\000n\000v\000a\000r\000i\000a\000n\000t\000\040\000U\000n\000d\000e\000r\000\040\000S\000p\000l\000i\000t\000t\000i\000n\000g}{chapter.4}% 27
\BOOKMARK [0][-]{chapter.5}{\376\377\000R\000e\000d\000u\000c\000t\000i\000o\000n\000\040\000v\000i\000a\000\040\000C\000o\000b\000o\000r\000d\000i\000s\000m}{}% 28
\BOOKMARK [1][-]{section.5.1}{\376\377\000\050\000O\000r\000i\000e\000n\000t\000e\000d\000\051\000\040\000C\000o\000b\000o\000r\000d\000i\000s\000m\000\040\000R\000i\000n\000g}{chapter.5}% 29
\BOOKMARK [1][-]{section.5.2}{\376\377\000I\000n\000t\000e\000r\000s\000e\000c\000t\000i\000o\000n\000\040\000F\000o\000r\000m\000:\000\040\000S\000p\000i\000n\000\040\000I\000n\000d\000e\000x\000\040\000a\000n\000d\000\040\000H\000i\000r\000z\000e\000b\000r\000u\000c\000h\000\040\000S\000i\000g\000n\000a\000t\000u\000r\000e\000\040\000T\000h\000e\000o\000r\000e\000m}{chapter.5}% 30
\BOOKMARK [1][-]{section.5.3}{\376\377\000I\000n\000d\000e\000x\000\040\000a\000n\000d\000\040\000S\000p\000l\000i\000t\000t\000i\000n\000g\000\040\000P\000r\000i\000n\000c\000i\000p\000l\000e}{chapter.5}% 31
\BOOKMARK [2][-]{subsection.5.3.1}{\376\377\000V\000i\000r\000t\000u\000a\000l\000\040\000i\000n\000d\000e\000x\000\040\000T\000o\000\040\000I\000n\000t\000e\000r\000s\000e\000c\000t\000i\000o\000n\000\040\000T\000h\000e\000o\000r\000y\000\040\000O\000b\000j\000e\000c\000t\000s}{section.5.3}% 32
\BOOKMARK [0][-]{chapter.6}{\376\377\000R\000i\000e\000m\000a\000n\000n\000\040\000R\000o\000c\000h\000\040\000T\000h\000e\000o\000r\000e\000m\000s}{}% 33
\BOOKMARK [1][-]{section.6.1}{\376\377\000C\000l\000a\000s\000s\000i\000c\000a\000l\000\040\000R\000i\000e\000m\000a\000n\000n\000\040\000R\000o\000c\000h\000\040\000P\000r\000o\000o\000f\000s}{chapter.6}% 34
\BOOKMARK [1][-]{section.6.2}{\376\377\000H\000i\000r\000z\000e\000b\000r\000u\000c\000h\000-\000R\000i\000e\000m\000a\000n\000n\000-\000R\000o\000c\000h\000\040\000T\000h\000e\000o\000r\000e\000m}{chapter.6}% 35
\BOOKMARK [2][-]{subsection.6.2.1}{\376\377\000I\000n\000d\000e\000x\000,\000\040\000T\000y\000-\000c\000h\000a\000r\000a\000c\000t\000e\000r\000i\000s\000t\000i\000c\000,\000\040\000y\000-\000c\000h\000a\000r\000a\000c\000t\000e\000r\000i\000s\000t\000i\000c}{section.6.2}% 36
\BOOKMARK [2][-]{subsection.6.2.2}{\376\377\000H\000i\000r\000z\000e\000b\000r\000u\000c\000h\000\040\000R\000i\000e\000m\000a\000n\000n\000\040\000R\000o\000c\000h}{section.6.2}% 37
\BOOKMARK [1][-]{section.6.3}{\376\377\000*\000G\000r\000o\000t\000h\000e\000n\000d\000i\000e\000c\000k\000\040\000R\000i\000e\000m\000a\000n\000n\000\040\000R\000o\000c\000h}{chapter.6}% 38
\BOOKMARK [1][-]{section.6.4}{\376\377\000*\000*\000\040\000C\000u\000r\000r\000e\000n\000t\000\040\000G\000e\000n\000e\000r\000a\000l\000i\000z\000a\000t\000i\000o\000n\000\040\000R\000e\000s\000u\000l\000t\000s}{chapter.6}% 39
