\BOOKMARK [0][-]{chapter.1}{\376\377\0001\000-\000d\000i\000m\000e\000n\000s\000i\000o\000n\000a\000l\000\040\000P\000D\000E\000s}{}% 1
\BOOKMARK [1][-]{section.1.1}{\376\377\0001\000s\000t\000\040\000o\000r\000d\000e\000r}{chapter.1}% 2
\BOOKMARK [1][-]{section.1.2}{\376\377\000M\000u\000l\000t\000i\000-\000D\000i\000m\000e\000n\000s\000i\000o\000n\000a\000l}{chapter.1}% 3
\BOOKMARK [0][-]{chapter.2}{\376\377\000w\000a\000v\000e\000\040\000e\000q\000u\000a\000t\000i\000o\000n\000s}{}% 4
\BOOKMARK [1][-]{section.2.1}{\376\377\000T\000h\000e\000\040\000d\000'\000A\000l\000e\000m\000b\000e\000r\000t\000'\000s\000\040\000F\000o\000r\000m\000u\000l\000a}{chapter.2}% 5
\BOOKMARK [1][-]{section.2.2}{\376\377\000D\000u\000h\000a\000m\000e\000l\000'\000s\000\040\000P\000r\000i\000n\000c\000i\000p\000l\000e}{chapter.2}% 6
\BOOKMARK [2][-]{subsection.2.2.1}{\376\377\000B\000o\000u\000n\000d\000a\000r\000y\000\040\000P\000r\000o\000b\000l\000e\000m\000s}{section.2.2}% 7
\BOOKMARK [2][-]{subsection.2.2.2}{\376\377\000S\000e\000p\000a\000r\000a\000t\000i\000o\000n\000\040\000o\000f\000\040\000V\000a\000r\000i\000a\000b\000l\000e\000s}{section.2.2}% 8
\BOOKMARK [1][-]{section.2.3}{\376\377\000W\000a\000v\000e\000\040\000E\000q\000u\000a\000t\000i\000o\000n\000\040\000i\000n\000\040\000H\000i\000g\000h\000e\000r\000\040\000D\000i\000m\000e\000n\000s\000i\000o\000n\000s}{chapter.2}% 9
\BOOKMARK [2][-]{subsection.2.3.1}{\376\377\000F\000o\000u\000r\000i\000e\000r\000\040\000S\000e\000r\000i\000e\000s}{section.2.3}% 10
\BOOKMARK [2][-]{subsection.2.3.2}{\376\377\000M\000e\000t\000h\000o\000d\000\040\000o\000f\000\040\000S\000p\000h\000e\000r\000i\000c\000a\000l\000\040\000M\000e\000a\000n\000s}{section.2.3}% 11
\BOOKMARK [2][-]{subsection.2.3.3}{\376\377\000S\000p\000h\000e\000r\000i\000c\000a\000l\000\040\000M\000e\000a\000n\000\040\000i\000n\000\040\0003\000\040\000D\000i\000m\000e\000n\000s\000i\000o\000n}{section.2.3}% 12
\BOOKMARK [2][-]{subsection.2.3.4}{\376\377\000S\000p\000h\000e\000r\000i\000c\000a\000l\000\040\000M\000e\000a\000n\000s\000\040\000f\000o\000r\000\040\000o\000d\000d\000\040\000D\000i\000m\000e\000n\000s\000i\000o\000n}{section.2.3}% 13
\BOOKMARK [2][-]{subsection.2.3.5}{\376\377\000H\000u\000y\000g\000e\000n\000'\000s\000\040\000P\000r\000i\000n\000c\000i\000p\000l\000e}{section.2.3}% 14
\BOOKMARK [2][-]{subsection.2.3.6}{\376\377\000D\000u\000h\000a\000m\000e\000l\000'\000s\000\040\000P\000r\000i\000n\000c\000i\000p\000l\000e\000\040\000i\000n\000\040\000H\000i\000g\000h\000e\000r\000\040\000D\000i\000m\000e\000n\000s\000i\000o\000n\000s}{section.2.3}% 15
\BOOKMARK [0][-]{chapter.3}{\376\377\000W\000e\000a\000k\000\040\000S\000o\000l\000u\000t\000i\000o\000n\000s\000\040\000a\000n\000d\000\040\000D\000i\000s\000t\000r\000i\000b\000u\000t\000i\000o\000n\000s}{}% 16
\BOOKMARK [1][-]{section.3.1}{\376\377\000D\000i\000s\000t\000r\000i\000b\000u\000t\000i\000o\000n\000s}{chapter.3}% 17
\BOOKMARK [2][-]{subsection.3.1.1}{\376\377\000I\000n\000t\000u\000i\000t\000i\000o\000n}{section.3.1}% 18
\BOOKMARK [2][-]{subsection.3.1.2}{\376\377\000D\000e\000f\000i\000n\000i\000t\000i\000o\000n\000s}{section.3.1}% 19
\BOOKMARK [2][-]{subsection.3.1.3}{\376\377\000M\000o\000r\000e\000\040\000c\000o\000n\000t\000i\000n\000u\000i\000t\000y\000\040\000p\000r\000o\000p\000e\000r\000t\000i\000e\000s}{section.3.1}% 20
\BOOKMARK [2][-]{subsection.3.1.4}{\376\377\000T\000i\000m\000e\000-\000d\000e\000p\000e\000n\000d\000e\000n\000t\000\040\000D\000i\000s\000t\000r\000i\000b\000u\000t\000i\000o\000n\000s}{section.3.1}% 21
\BOOKMARK [2][-]{subsection.3.1.5}{\376\377\000D\000i\000s\000t\000r\000i\000b\000u\000t\000i\000o\000n\000a\000l\000\040\000S\000o\000l\000u\000t\000i\000o\000n\000\040\000f\000o\000r\000\040\000w\000a\000v\000e\000\040\000e\000q\000u\000a\000t\000i\000o\000n}{section.3.1}% 22
\BOOKMARK [1][-]{section.3.2}{\376\377\000M\000o\000r\000e\000\040\000o\000n\000\040\000D\000i\000s\000t\000r\000i\000b\000u\000t\000i\000o\000n\000a\000l\000\040\000S\000o\000l\000u\000t\000i\000o\000n\000s}{chapter.3}% 23
\BOOKMARK [2][-]{subsection.3.2.1}{\376\377\000A\000\040\000F\000u\000n\000d\000a\000m\000e\000n\000t\000a\000l\000\040\000S\000o\000l\000u\000t\000i\000o\000n\000\040\000f\000o\000r\000\040\000t\000h\000e\000\040\000S\000q\000u\000a\000r\000e\000\040\000O\000p\000e\000r\000a\000t\000o\000r}{section.3.2}% 24
\BOOKMARK [2][-]{subsection.3.2.2}{\376\377\000E\000n\000e\000r\000g\000y\000\040\000I\000d\000e\000n\000t\000i\000t\000y}{section.3.2}% 25
\BOOKMARK [2][-]{subsection.3.2.3}{\376\377\000F\000o\000u\000r\000i\000e\000r\000\040\000T\000r\000a\000n\000s\000f\000o\000r\000m\000\040\000a\000n\000d\000\040\000T\000e\000m\000p\000e\000r\000e\000d\000\040\000D\000i\000s\000t\000r\000i\000b\000u\000t\000i\000o\000n\000s}{section.3.2}% 26
\BOOKMARK [2][-]{subsection.3.2.4}{\376\377\000S\000o\000b\000e\000l\000e\000v\000\040\000S\000p\000a\000c\000e}{section.3.2}% 27
\BOOKMARK [2][-]{subsection.3.2.5}{\376\377\000L\000\040\000s\000q\000u\000a\000r\000e\000d\000\040\000e\000s\000t\000i\000m\000t\000e\000s\000\040\000f\000o\000r\000\040\000w\000a\000v\000e\000\040\000e\000q\000u\000a\000t\000i\000o\000n\000\040\000s\000o\000l\000u\000t\000i\000o\000n\000s}{section.3.2}% 28
\BOOKMARK [0][-]{chapter.4}{\376\377\000N\000o\000n\000-\000L\000i\000n\000e\000a\000r\000\040\000E\000q\000u\000a\000t\000i\000o\000n\000s}{}% 29
\BOOKMARK [1][-]{section.4.1}{\376\377\000E\000x\000i\000s\000t\000e\000n\000c\000e\000\040\000a\000n\000d\000\040\000U\000n\000i\000q\000u\000e\000n\000e\000s\000s\000\040\000I\000n\000h\000o\000m\000o\000g\000e\000n\000e\000o\000u\000s\000\040\000P\000D\000E}{chapter.4}% 30
\BOOKMARK [1][-]{section.4.2}{\376\377\000N\000o\000n\000-\000l\000i\000n\000e\000a\000r\000\040\000C\000a\000u\000c\000h\000y\000\040\000P\000r\000o\000b\000l\000e\000m}{chapter.4}% 31
\BOOKMARK [1][-]{section.4.3}{\376\377\000L\000o\000c\000a\000l\000\040\000E\000x\000i\000s\000t\000e\000n\000c\000e\000\040\000a\000n\000d\000\040\000U\000n\000i\000q\000u\000e\000n\000e\000s\000s}{chapter.4}% 32
\BOOKMARK [1][-]{section.4.4}{\376\377\000T\000h\000e\000\040\000m\000o\000d\000e\000l\000\040\000n\000o\000n\000-\000l\000i\000n\000e\000a\000r\000\040\000P\000D\000E}{chapter.4}% 33
\BOOKMARK [0][-]{chapter.5}{\376\377\000L\000i\000t\000t\000l\000e\000w\000o\000o\000d\000-\000P\000a\000l\000e\000y\000\040\000T\000h\000e\000o\000r\000y}{}% 34
\BOOKMARK [1][-]{section.5.1}{\376\377\000L\000i\000t\000t\000l\000e\000-\000P\000a\000l\000e\000y\000\040\000D\000e\000c\000o\000m\000p\000o\000s\000i\000t\000i\000o\000n}{chapter.5}% 35
\BOOKMARK [1][-]{section.5.2}{\376\377\000C\000a\000l\000c\000u\000l\000u\000s\000\040\000I\000n\000e\000q\000u\000a\000l\000i\000t\000y}{chapter.5}% 36
\BOOKMARK [1][-]{section.5.3}{\376\377\000M\000o\000s\000e\000r\000\040\000I\000n\000e\000q\000u\000a\000l\000i\000t\000y}{chapter.5}% 37
\BOOKMARK [1][-]{section.5.4}{\376\377\000F\000u\000r\000t\000h\000e\000r\000\040\000A\000p\000p\000l\000i\000c\000a\000t\000i\000o\000n\000s\000\040\000o\000f\000\040\000L\000i\000t\000t\000l\000e\000w\000o\000o\000d\000-\000P\000a\000l\000e\000y\000\040\000T\000h\000e\000o\000r\000y}{chapter.5}% 38
\BOOKMARK [0][-]{chapter.6}{\376\377\000G\000l\000o\000b\000a\000l\000\040\000E\000x\000i\000s\000t\000e\000n\000c\000e\000\040\000f\000o\000r\000\040\000N\000o\000n\000-\000L\000i\000n\000e\000a\000r\000\040\000W\000a\000v\000e\000\040\000E\000q\000u\000a\000t\000i\000o\000n}{}% 39
\BOOKMARK [1][-]{section.6.1}{\376\377\000G\000o\000a\000l}{chapter.6}% 40
\BOOKMARK [1][-]{section.6.2}{\376\377\000T\000h\000e\000\040\000I\000n\000v\000a\000r\000i\000a\000n\000t\000\040\000V\000e\000c\000t\000o\000r\000\040\000F\000i\000e\000l\000d\000s}{chapter.6}% 41
\BOOKMARK [1][-]{section.6.3}{\376\377\000T\000h\000e\000\040\000K\000l\000a\000i\000n\000e\000r\000m\000a\000n\000-\000S\000o\000b\000e\000l\000e\000v\000\040\000I\000n\000e\000q\000u\000a\000l\000i\000t\000y}{chapter.6}% 42
\BOOKMARK [1][-]{section.6.4}{\376\377\000P\000r\000o\000o\000f\000\040\000o\000f\000\040\000m\000a\000i\000n\000\040\000t\000h\000e\000o\000r\000e\000m}{chapter.6}% 43
\BOOKMARK [1][-]{section.6.5}{\376\377\000L\000o\000o\000k\000i\000n\000g\000\040\000a\000t\000\040\000L\000o\000w\000\040\000D\000i\000m\000e\000n\000s\000i\000o\000n\000s\000\040\000S\000o\000l\000u\000t\000i\000o\000n\000s}{chapter.6}% 44
\BOOKMARK [2][-]{subsection.6.5.1}{\376\377\000P\000r\000o\000o\000f\000\040\000o\000f\000\040\000l\000o\000w\000e\000r\000\040\000b\000o\000u\000n\000d\000s}{section.6.5}% 45
\BOOKMARK [2][-]{subsection.6.5.2}{\376\377\000T\000h\000e\000\040\000N\000u\000l\000l\000\040\000C\000o\000n\000d\000i\000t\000i\000o\000n\000\040\000A\000n\000d\000\040\000G\000l\000o\000b\000a\000l\000\040\000E\000x\000i\000s\000t\000e\000n\000c\000e\000\040\000F\000o\000r\000\040\000D\000i\000m\000e\000n\000s\000i\000o\000n\000\040\0003}{section.6.5}% 46
\BOOKMARK [2][-]{subsection.6.5.3}{\376\377\000S\000t\000a\000t\000e\000m\000e\000n\000t\000\040\000O\000f\000\040\000N\000u\000l\000l\000\040\000C\000o\000n\000d\000i\000t\000i\000o\000n}{section.6.5}% 47
\BOOKMARK [2][-]{subsection.6.5.4}{\376\377\000I\000m\000p\000r\000o\000v\000e\000d\000\040\000D\000e\000c\000a\000y}{section.6.5}% 48
\BOOKMARK [2][-]{subsection.6.5.5}{\376\377\000A\000n\000\040\000e\000n\000e\000r\000g\000y\000\040\000i\000n\000e\000q\000u\000a\000l\000i\000t\000y\000\040\000a\000n\000d\000\040\000H\000\366\000r\000m\000a\000n\000d\000e\000r\000'\000s\000\040\000e\000s\000t\000i\000m\000a\000t\000e}{section.6.5}% 49
\BOOKMARK [2][-]{subsection.6.5.6}{\376\377\000P\000r\000o\000o\000f\000\040\000o\000f\000\040\000t\000h\000e\000\040\000m\000a\000i\000n\000\040\000T\000h\000e\000o\000r\000e\000m}{section.6.5}% 50
\BOOKMARK [0][-]{chapter.7}{\376\377\000F\000u\000t\000u\000r\000e\000\040\000R\000e\000a\000d\000i\000n\000g}{}% 51
