This is pdfTeX, Version 3.141592653-2.6-1.40.25 (TeX Live 2023) (preloaded format=pdflatex 2023.5.18)  23 AUG 2025 23:13
entering extended mode
 restricted \write18 enabled.
 file:line:error style messages enabled.
 %&-line parsing enabled.
**hirzebruchriemannroch_theorem.tex
(./hirzebruchriemannroch_theorem.tex
LaTeX2e <2022-11-01> patch level 1
L3 programming layer <2023-02-22> (/usr/local/texlive/2023/texmf-dist/tex/latex/base/book.cls
Document Class: book 2022/07/02 v1.4n Standard LaTeX document class
(/usr/local/texlive/2023/texmf-dist/tex/latex/base/bk10.clo
File: bk10.clo 2022/07/02 v1.4n Standard LaTeX file (size option)
)
\c@part=\count185
\c@chapter=\count186
\c@section=\count187
\c@subsection=\count188
\c@subsubsection=\count189
\c@paragraph=\count190
\c@subparagraph=\count191
\c@figure=\count192
\c@table=\count193
\abovecaptionskip=\skip48
\belowcaptionskip=\skip49
\bibindent=\dimen140
) (/usr/local/texlive/2023/texmf-dist/tex/latex/geometry/geometry.sty
Package: geometry 2020/01/02 v5.9 Page Geometry
 (/usr/local/texlive/2023/texmf-dist/tex/latex/graphics/keyval.sty
Package: keyval 2022/05/29 v1.15 key=value parser (DPC)
\KV@toks@=\toks16
) (/usr/local/texlive/2023/texmf-dist/tex/generic/iftex/ifvtex.sty
Package: ifvtex 2019/10/25 v1.7 ifvtex legacy package. Use iftex instead.
 (/usr/local/texlive/2023/texmf-dist/tex/generic/iftex/iftex.sty
Package: iftex 2022/02/03 v1.0f TeX engine tests
))
\Gm@cnth=\count194
\Gm@cntv=\count195
\c@Gm@tempcnt=\count196
\Gm@bindingoffset=\dimen141
\Gm@wd@mp=\dimen142
\Gm@odd@mp=\dimen143
\Gm@even@mp=\dimen144
\Gm@layoutwidth=\dimen145
\Gm@layoutheight=\dimen146
\Gm@layouthoffset=\dimen147
\Gm@layoutvoffset=\dimen148
\Gm@dimlist=\toks17
) (/usr/local/texlive/2023/texmf-dist/tex/latex/exercise/exercise.sty
Package: exercise 2014/10/20 v1.6 Exercise package (P.Pichaureau)
 (/usr/local/texlive/2023/texmf-dist/tex/latex/base/ifthen.sty
Package: ifthen 2022/04/13 v1.1d Standard LaTeX ifthen package (DPC)
)
\ExerciseSkipBefore=\skip50
\ExerciseSkipAfter=\skip51
\AnswerSkipBefore=\skip52
\AnswerSkipAfter=\skip53
\Exesep=\skip54
\Exetopsep=\skip55
\Exeparsep=\skip56
\Exepartopsep=\skip57
\Exeleftmargin=\skip58
\Exerightmargin=\skip59
\Exelabelwidth=\skip60
\Exelabelsep=\skip61
\ExerciseBefore=\skip62
\QuestionBefore=\skip63
\subQuestionBefore=\skip64
\subsubQuestionBefore=\skip65
\QuestionIndent=\skip66
\subQuestionIndent=\skip67
\subsubQuestionIndent=\skip68
\c@Exercise=\count197
\c@Answer=\count198
\c@ExePart=\count199
\c@Question=\count266
\c@subQuestion=\count267
\c@subsubQuestion=\count268
\c@savedQuestion=\count269
\c@savedsubQuestion=\count270
\c@savedsubsubQuestion=\count271
\@QuestionLevel=\count272
\@Exercisebox=\box51
\all@Exercisebox=\box52
\temp@Exercisebox=\box53
\all@Answerbox=\box54
\temp@Answerbox=\box55
\ExerciseDifficulty=\count273
\QuestionDifficulty=\count274
\subQuestionDifficulty=\count275
\subsubQuestionDifficulty=\count276
\ExePartDifficulty=\count277
\@Answerbox=\box56
\colonnesLevel=\count278
\tempskipa=\skip69
\tempskipb=\skip70
\@savedmathindent=\skip71
) (/usr/local/texlive/2023/texmf-dist/tex/latex/quoting/quoting.sty
Package: quoting 2014/01/28 v0.1c Consolidated environment for displayed text
 (/usr/local/texlive/2023/texmf-dist/tex/latex/etoolbox/etoolbox.sty
Package: etoolbox 2020/10/05 v2.5k e-TeX tools for LaTeX (JAW)
\etb@tempcnta=\count279
) (/usr/local/texlive/2023/texmf-dist/tex/latex/kvoptions/kvoptions.sty
Package: kvoptions 2022-06-15 v3.15 Key value format for package options (HO)
 (/usr/local/texlive/2023/texmf-dist/tex/generic/ltxcmds/ltxcmds.sty
Package: ltxcmds 2020-05-10 v1.25 LaTeX kernel commands for general use (HO)
) (/usr/local/texlive/2023/texmf-dist/tex/latex/kvsetkeys/kvsetkeys.sty
Package: kvsetkeys 2022-10-05 v1.19 Key value parser (HO)
))
\quo@toppartop=\skip72
) (/usr/local/texlive/2023/texmf-dist/tex/latex/tcolorbox/tcolorbox.sty
Package: tcolorbox 2023/02/12 version 6.0.1 text color boxes
 (/usr/local/texlive/2023/texmf-dist/tex/latex/pgf/basiclayer/pgf.sty (/usr/local/texlive/2023/texmf-dist/tex/latex/pgf/utilities/pgfrcs.sty (/usr/local/texlive/2023/texmf-dist/tex/generic/pgf/utilities/pgfutil-common.tex
\pgfutil@everybye=\toks18
\pgfutil@tempdima=\dimen149
\pgfutil@tempdimb=\dimen150
) (/usr/local/texlive/2023/texmf-dist/tex/generic/pgf/utilities/pgfutil-latex.def
\pgfutil@abb=\box57
) (/usr/local/texlive/2023/texmf-dist/tex/generic/pgf/utilities/pgfrcs.code.tex (/usr/local/texlive/2023/texmf-dist/tex/generic/pgf/pgf.revision.tex)
Package: pgfrcs 2023-01-15 v3.1.10 (3.1.10)
))
Package: pgf 2023-01-15 v3.1.10 (3.1.10)
 (/usr/local/texlive/2023/texmf-dist/tex/latex/pgf/basiclayer/pgfcore.sty (/usr/local/texlive/2023/texmf-dist/tex/latex/graphics/graphicx.sty
Package: graphicx 2021/09/16 v1.2d Enhanced LaTeX Graphics (DPC,SPQR)
 (/usr/local/texlive/2023/texmf-dist/tex/latex/graphics/graphics.sty
Package: graphics 2022/03/10 v1.4e Standard LaTeX Graphics (DPC,SPQR)
 (/usr/local/texlive/2023/texmf-dist/tex/latex/graphics/trig.sty
Package: trig 2021/08/11 v1.11 sin cos tan (DPC)
) (/usr/local/texlive/2023/texmf-dist/tex/latex/graphics-cfg/graphics.cfg
File: graphics.cfg 2016/06/04 v1.11 sample graphics configuration
)
Package graphics Info: Driver file: pdftex.def on input line 107.
 (/usr/local/texlive/2023/texmf-dist/tex/latex/graphics-def/pdftex.def
File: pdftex.def 2022/09/22 v1.2b Graphics/color driver for pdftex
))
\Gin@req@height=\dimen151
\Gin@req@width=\dimen152
) (/usr/local/texlive/2023/texmf-dist/tex/latex/pgf/systemlayer/pgfsys.sty (/usr/local/texlive/2023/texmf-dist/tex/generic/pgf/systemlayer/pgfsys.code.tex
Package: pgfsys 2023-01-15 v3.1.10 (3.1.10)
 (/usr/local/texlive/2023/texmf-dist/tex/generic/pgf/utilities/pgfkeys.code.tex
\pgfkeys@pathtoks=\toks19
\pgfkeys@temptoks=\toks20

(/usr/local/texlive/2023/texmf-dist/tex/generic/pgf/utilities/pgfkeyslibraryfiltered.code.tex
\pgfkeys@tmptoks=\toks21
))
\pgf@x=\dimen153
\pgf@y=\dimen154
\pgf@xa=\dimen155
\pgf@ya=\dimen156
\pgf@xb=\dimen157
\pgf@yb=\dimen158
\pgf@xc=\dimen159
\pgf@yc=\dimen160
\pgf@xd=\dimen161
\pgf@yd=\dimen162
\w@pgf@writea=\write3
\r@pgf@reada=\read2
\c@pgf@counta=\count280
\c@pgf@countb=\count281
\c@pgf@countc=\count282
\c@pgf@countd=\count283
\t@pgf@toka=\toks22
\t@pgf@tokb=\toks23
\t@pgf@tokc=\toks24
\pgf@sys@id@count=\count284
 (/usr/local/texlive/2023/texmf-dist/tex/generic/pgf/systemlayer/pgf.cfg
File: pgf.cfg 2023-01-15 v3.1.10 (3.1.10)
)
Driver file for pgf: pgfsys-pdftex.def
 (/usr/local/texlive/2023/texmf-dist/tex/generic/pgf/systemlayer/pgfsys-pdftex.def
File: pgfsys-pdftex.def 2023-01-15 v3.1.10 (3.1.10)
 (/usr/local/texlive/2023/texmf-dist/tex/generic/pgf/systemlayer/pgfsys-common-pdf.def
File: pgfsys-common-pdf.def 2023-01-15 v3.1.10 (3.1.10)
))) (/usr/local/texlive/2023/texmf-dist/tex/generic/pgf/systemlayer/pgfsyssoftpath.code.tex
File: pgfsyssoftpath.code.tex 2023-01-15 v3.1.10 (3.1.10)
\pgfsyssoftpath@smallbuffer@items=\count285
\pgfsyssoftpath@bigbuffer@items=\count286
) (/usr/local/texlive/2023/texmf-dist/tex/generic/pgf/systemlayer/pgfsysprotocol.code.tex
File: pgfsysprotocol.code.tex 2023-01-15 v3.1.10 (3.1.10)
)) (/usr/local/texlive/2023/texmf-dist/tex/latex/xcolor/xcolor.sty
Package: xcolor 2022/06/12 v2.14 LaTeX color extensions (UK)
 (/usr/local/texlive/2023/texmf-dist/tex/latex/graphics-cfg/color.cfg
File: color.cfg 2016/01/02 v1.6 sample color configuration
)
Package xcolor Info: Driver file: pdftex.def on input line 227.
 (/usr/local/texlive/2023/texmf-dist/tex/latex/graphics/mathcolor.ltx)
Package xcolor Info: Model `cmy' substituted by `cmy0' on input line 1353.
Package xcolor Info: Model `hsb' substituted by `rgb' on input line 1357.
Package xcolor Info: Model `RGB' extended on input line 1369.
Package xcolor Info: Model `HTML' substituted by `rgb' on input line 1371.
Package xcolor Info: Model `Hsb' substituted by `hsb' on input line 1372.
Package xcolor Info: Model `tHsb' substituted by `hsb' on input line 1373.
Package xcolor Info: Model `HSB' substituted by `hsb' on input line 1374.
Package xcolor Info: Model `Gray' substituted by `gray' on input line 1375.
Package xcolor Info: Model `wave' substituted by `hsb' on input line 1376.
) (/usr/local/texlive/2023/texmf-dist/tex/generic/pgf/basiclayer/pgfcore.code.tex
Package: pgfcore 2023-01-15 v3.1.10 (3.1.10)
 (/usr/local/texlive/2023/texmf-dist/tex/generic/pgf/math/pgfmath.code.tex (/usr/local/texlive/2023/texmf-dist/tex/generic/pgf/math/pgfmathutil.code.tex) (/usr/local/texlive/2023/texmf-dist/tex/generic/pgf/math/pgfmathparser.code.tex
\pgfmath@dimen=\dimen163
\pgfmath@count=\count287
\pgfmath@box=\box58
\pgfmath@toks=\toks25
\pgfmath@stack@operand=\toks26
\pgfmath@stack@operation=\toks27
) (/usr/local/texlive/2023/texmf-dist/tex/generic/pgf/math/pgfmathfunctions.code.tex) (/usr/local/texlive/2023/texmf-dist/tex/generic/pgf/math/pgfmathfunctions.basic.code.tex) (/usr/local/texlive/2023/texmf-dist/tex/generic/pgf/math/pgfmathfunctions.trigonometric.code.tex) (/usr/local/texlive/2023/texmf-dist/tex/generic/pgf/math/pgfmathfunctions.random.code.tex) (/usr/local/texlive/2023/texmf-dist/tex/generic/pgf/math/pgfmathfunctions.comparison.code.tex) (/usr/local/texlive/2023/texmf-dist/tex/generic/pgf/math/pgfmathfunctions.base.code.tex) (/usr/local/texlive/2023/texmf-dist/tex/generic/pgf/math/pgfmathfunctions.round.code.tex) (/usr/local/texlive/2023/texmf-dist/tex/generic/pgf/math/pgfmathfunctions.misc.code.tex) (/usr/local/texlive/2023/texmf-dist/tex/generic/pgf/math/pgfmathfunctions.integerarithmetics.code.tex) (/usr/local/texlive/2023/texmf-dist/tex/generic/pgf/math/pgfmathcalc.code.tex)
(/usr/local/texlive/2023/texmf-dist/tex/generic/pgf/math/pgfmathfloat.code.tex
\c@pgfmathroundto@lastzeros=\count288
)) (/usr/local/texlive/2023/texmf-dist/tex/generic/pgf/math/pgfint.code.tex) (/usr/local/texlive/2023/texmf-dist/tex/generic/pgf/basiclayer/pgfcorepoints.code.tex
File: pgfcorepoints.code.tex 2023-01-15 v3.1.10 (3.1.10)
\pgf@picminx=\dimen164
\pgf@picmaxx=\dimen165
\pgf@picminy=\dimen166
\pgf@picmaxy=\dimen167
\pgf@pathminx=\dimen168
\pgf@pathmaxx=\dimen169
\pgf@pathminy=\dimen170
\pgf@pathmaxy=\dimen171
\pgf@xx=\dimen172
\pgf@xy=\dimen173
\pgf@yx=\dimen174
\pgf@yy=\dimen175
\pgf@zx=\dimen176
\pgf@zy=\dimen177
) (/usr/local/texlive/2023/texmf-dist/tex/generic/pgf/basiclayer/pgfcorepathconstruct.code.tex
File: pgfcorepathconstruct.code.tex 2023-01-15 v3.1.10 (3.1.10)
\pgf@path@lastx=\dimen178
\pgf@path@lasty=\dimen179
) (/usr/local/texlive/2023/texmf-dist/tex/generic/pgf/basiclayer/pgfcorepathusage.code.tex
File: pgfcorepathusage.code.tex 2023-01-15 v3.1.10 (3.1.10)
\pgf@shorten@end@additional=\dimen180
\pgf@shorten@start@additional=\dimen181
) (/usr/local/texlive/2023/texmf-dist/tex/generic/pgf/basiclayer/pgfcorescopes.code.tex
File: pgfcorescopes.code.tex 2023-01-15 v3.1.10 (3.1.10)
\pgfpic=\box59
\pgf@hbox=\box60
\pgf@layerbox@main=\box61
\pgf@picture@serial@count=\count289
) (/usr/local/texlive/2023/texmf-dist/tex/generic/pgf/basiclayer/pgfcoregraphicstate.code.tex
File: pgfcoregraphicstate.code.tex 2023-01-15 v3.1.10 (3.1.10)
\pgflinewidth=\dimen182
) (/usr/local/texlive/2023/texmf-dist/tex/generic/pgf/basiclayer/pgfcoretransformations.code.tex
File: pgfcoretransformations.code.tex 2023-01-15 v3.1.10 (3.1.10)
\pgf@pt@x=\dimen183
\pgf@pt@y=\dimen184
\pgf@pt@temp=\dimen185
) (/usr/local/texlive/2023/texmf-dist/tex/generic/pgf/basiclayer/pgfcorequick.code.tex
File: pgfcorequick.code.tex 2023-01-15 v3.1.10 (3.1.10)
) (/usr/local/texlive/2023/texmf-dist/tex/generic/pgf/basiclayer/pgfcoreobjects.code.tex
File: pgfcoreobjects.code.tex 2023-01-15 v3.1.10 (3.1.10)
) (/usr/local/texlive/2023/texmf-dist/tex/generic/pgf/basiclayer/pgfcorepathprocessing.code.tex
File: pgfcorepathprocessing.code.tex 2023-01-15 v3.1.10 (3.1.10)
) (/usr/local/texlive/2023/texmf-dist/tex/generic/pgf/basiclayer/pgfcorearrows.code.tex
File: pgfcorearrows.code.tex 2023-01-15 v3.1.10 (3.1.10)
\pgfarrowsep=\dimen186
) (/usr/local/texlive/2023/texmf-dist/tex/generic/pgf/basiclayer/pgfcoreshade.code.tex
File: pgfcoreshade.code.tex 2023-01-15 v3.1.10 (3.1.10)
\pgf@max=\dimen187
\pgf@sys@shading@range@num=\count290
\pgf@shadingcount=\count291
) (/usr/local/texlive/2023/texmf-dist/tex/generic/pgf/basiclayer/pgfcoreimage.code.tex
File: pgfcoreimage.code.tex 2023-01-15 v3.1.10 (3.1.10)
) (/usr/local/texlive/2023/texmf-dist/tex/generic/pgf/basiclayer/pgfcoreexternal.code.tex
File: pgfcoreexternal.code.tex 2023-01-15 v3.1.10 (3.1.10)
\pgfexternal@startupbox=\box62
) (/usr/local/texlive/2023/texmf-dist/tex/generic/pgf/basiclayer/pgfcorelayers.code.tex
File: pgfcorelayers.code.tex 2023-01-15 v3.1.10 (3.1.10)
) (/usr/local/texlive/2023/texmf-dist/tex/generic/pgf/basiclayer/pgfcoretransparency.code.tex
File: pgfcoretransparency.code.tex 2023-01-15 v3.1.10 (3.1.10)
) (/usr/local/texlive/2023/texmf-dist/tex/generic/pgf/basiclayer/pgfcorepatterns.code.tex
File: pgfcorepatterns.code.tex 2023-01-15 v3.1.10 (3.1.10)
) (/usr/local/texlive/2023/texmf-dist/tex/generic/pgf/basiclayer/pgfcorerdf.code.tex
File: pgfcorerdf.code.tex 2023-01-15 v3.1.10 (3.1.10)
))) (/usr/local/texlive/2023/texmf-dist/tex/generic/pgf/modules/pgfmoduleshapes.code.tex
File: pgfmoduleshapes.code.tex 2023-01-15 v3.1.10 (3.1.10)
\pgfnodeparttextbox=\box63
) (/usr/local/texlive/2023/texmf-dist/tex/generic/pgf/modules/pgfmoduleplot.code.tex
File: pgfmoduleplot.code.tex 2023-01-15 v3.1.10 (3.1.10)
) (/usr/local/texlive/2023/texmf-dist/tex/latex/pgf/compatibility/pgfcomp-version-0-65.sty
Package: pgfcomp-version-0-65 2023-01-15 v3.1.10 (3.1.10)
\pgf@nodesepstart=\dimen188
\pgf@nodesepend=\dimen189
)
(/usr/local/texlive/2023/texmf-dist/tex/latex/pgf/compatibility/pgfcomp-version-1-18.sty
Package: pgfcomp-version-1-18 2023-01-15 v3.1.10 (3.1.10)
)) (/usr/local/texlive/2023/texmf-dist/tex/latex/tools/verbatim.sty
Package: verbatim 2022-07-02 v1.5u LaTeX2e package for verbatim enhancements
\every@verbatim=\toks28
\verbatim@line=\toks29
\verbatim@in@stream=\read3
) (/usr/local/texlive/2023/texmf-dist/tex/latex/environ/environ.sty
Package: environ 2014/05/04 v0.3 A new way to define environments
 (/usr/local/texlive/2023/texmf-dist/tex/latex/trimspaces/trimspaces.sty
Package: trimspaces 2009/09/17 v1.1 Trim spaces around a token list
)
\@envbody=\toks30
)
\tcb@titlebox=\box64
\tcb@upperbox=\box65
\tcb@lowerbox=\box66
\tcb@phantombox=\box67
\c@tcbbreakpart=\count292
\c@tcblayer=\count293
\c@tcolorbox@number=\count294
\tcb@temp=\box68
\tcb@temp=\box69
\tcb@temp=\box70
\tcb@temp=\box71
 (/usr/local/texlive/2023/texmf-dist/tex/latex/tcolorbox/tcbraster.code.tex
Library (tcolorbox): 'tcbraster.code.tex' version '6.0.1'
\c@tcbrastercolumn=\count295
\c@tcbrasterrow=\count296
\c@tcbrasternum=\count297
\c@tcbraster=\count298
) (/usr/local/texlive/2023/texmf-dist/tex/latex/tcolorbox/tcbskins.code.tex
Library (tcolorbox): 'tcbskins.code.tex' version '6.0.1'
(/usr/local/texlive/2023/texmf-dist/tex/latex/pgf/frontendlayer/tikz.sty (/usr/local/texlive/2023/texmf-dist/tex/latex/pgf/utilities/pgffor.sty (/usr/local/texlive/2023/texmf-dist/tex/latex/pgf/utilities/pgfkeys.sty (/usr/local/texlive/2023/texmf-dist/tex/generic/pgf/utilities/pgfkeys.code.tex)) (/usr/local/texlive/2023/texmf-dist/tex/latex/pgf/math/pgfmath.sty (/usr/local/texlive/2023/texmf-dist/tex/generic/pgf/math/pgfmath.code.tex)) (/usr/local/texlive/2023/texmf-dist/tex/generic/pgf/utilities/pgffor.code.tex
Package: pgffor 2023-01-15 v3.1.10 (3.1.10)
\pgffor@iter=\dimen190
\pgffor@skip=\dimen191
\pgffor@stack=\toks31
\pgffor@toks=\toks32
)) (/usr/local/texlive/2023/texmf-dist/tex/generic/pgf/frontendlayer/tikz/tikz.code.tex
Package: tikz 2023-01-15 v3.1.10 (3.1.10)
 (/usr/local/texlive/2023/texmf-dist/tex/generic/pgf/libraries/pgflibraryplothandlers.code.tex
File: pgflibraryplothandlers.code.tex 2023-01-15 v3.1.10 (3.1.10)
\pgf@plot@mark@count=\count299
\pgfplotmarksize=\dimen192
)
\tikz@lastx=\dimen193
\tikz@lasty=\dimen194
\tikz@lastxsaved=\dimen195
\tikz@lastysaved=\dimen196
\tikz@lastmovetox=\dimen197
\tikz@lastmovetoy=\dimen198
\tikzleveldistance=\dimen199
\tikzsiblingdistance=\dimen256
\tikz@figbox=\box72
\tikz@figbox@bg=\box73
\tikz@tempbox=\box74
\tikz@tempbox@bg=\box75
\tikztreelevel=\count300
\tikznumberofchildren=\count301
\tikznumberofcurrentchild=\count302
\tikz@fig@count=\count303
 (/usr/local/texlive/2023/texmf-dist/tex/generic/pgf/modules/pgfmodulematrix.code.tex
File: pgfmodulematrix.code.tex 2023-01-15 v3.1.10 (3.1.10)
\pgfmatrixcurrentrow=\count304
\pgfmatrixcurrentcolumn=\count305
\pgf@matrix@numberofcolumns=\count306
)
\tikz@expandcount=\count307
 (/usr/local/texlive/2023/texmf-dist/tex/generic/pgf/frontendlayer/tikz/libraries/tikzlibrarytopaths.code.tex
File: tikzlibrarytopaths.code.tex 2023-01-15 v3.1.10 (3.1.10)
))) (/usr/local/texlive/2023/texmf-dist/tex/latex/tikzfill/tikzfill.image.sty
Package: tikzfill.image 2022/07/20 v1.0.0 Image filling library for TikZ
 (/usr/local/texlive/2023/texmf-dist/tex/latex/tikzfill/tikzfill-common.sty
Package: tikzfill-common 2022/07/20 v1.0.0 Auxiliary code for tikzfill
) (/usr/local/texlive/2023/texmf-dist/tex/latex/tikzfill/tikzlibraryfill.image.code.tex
File: tikzlibraryfill.image.code.tex 2022/07/20 v1.0.0 Image filling library
\l__tikzfill_img_box=\box76
)) (/usr/local/texlive/2023/texmf-dist/tex/latex/tcolorbox/tcbskinsjigsaw.code.tex
Library (tcolorbox): 'tcbskinsjigsaw.code.tex' version '6.0.1'
)) (/usr/local/texlive/2023/texmf-dist/tex/latex/tcolorbox/tcbbreakable.code.tex
Library (tcolorbox): 'tcbbreakable.code.tex' version '6.0.1'
(/usr/local/texlive/2023/texmf-dist/tex/latex/pdfcol/pdfcol.sty
Package: pdfcol 2022-09-21 v1.7 Handle new color stacks for pdfTeX (HO)
 (/usr/local/texlive/2023/texmf-dist/tex/generic/infwarerr/infwarerr.sty
Package: infwarerr 2019/12/03 v1.5 Providing info/warning/error messages (HO)
))
Package pdfcol Info: New color stack `tcb@breakable' = 1 on input line 23.
\tcb@testbox=\box77
\tcb@totalupperbox=\box78
\tcb@totallowerbox=\box79
) (/usr/local/texlive/2023/texmf-dist/tex/latex/tcolorbox/tcbhooks.code.tex
Library (tcolorbox): 'tcbhooks.code.tex' version '6.0.1'
) (/usr/local/texlive/2023/texmf-dist/tex/latex/tcolorbox/tcbtheorems.code.tex
Library (tcolorbox): 'tcbtheorems.code.tex' version '6.0.1'
(/usr/local/texlive/2023/texmf-dist/tex/latex/amsmath/amsmath.sty
Package: amsmath 2022/04/08 v2.17n AMS math features
\@mathmargin=\skip73

For additional information on amsmath, use the `?' option.
(/usr/local/texlive/2023/texmf-dist/tex/latex/amsmath/amstext.sty
Package: amstext 2021/08/26 v2.01 AMS text
 (/usr/local/texlive/2023/texmf-dist/tex/latex/amsmath/amsgen.sty
File: amsgen.sty 1999/11/30 v2.0 generic functions
\@emptytoks=\toks33
\ex@=\dimen257
)) (/usr/local/texlive/2023/texmf-dist/tex/latex/amsmath/amsbsy.sty
Package: amsbsy 1999/11/29 v1.2d Bold Symbols
\pmbraise@=\dimen258
) (/usr/local/texlive/2023/texmf-dist/tex/latex/amsmath/amsopn.sty
Package: amsopn 2022/04/08 v2.04 operator names
)
\inf@bad=\count308
LaTeX Info: Redefining \frac on input line 234.
\uproot@=\count309
\leftroot@=\count310
LaTeX Info: Redefining \overline on input line 399.
LaTeX Info: Redefining \colon on input line 410.
\classnum@=\count311
\DOTSCASE@=\count312
LaTeX Info: Redefining \ldots on input line 496.
LaTeX Info: Redefining \dots on input line 499.
LaTeX Info: Redefining \cdots on input line 620.
\Mathstrutbox@=\box80
\strutbox@=\box81
LaTeX Info: Redefining \big on input line 722.
LaTeX Info: Redefining \Big on input line 723.
LaTeX Info: Redefining \bigg on input line 724.
LaTeX Info: Redefining \Bigg on input line 725.
\big@size=\dimen259
LaTeX Font Info:    Redeclaring font encoding OML on input line 743.
LaTeX Font Info:    Redeclaring font encoding OMS on input line 744.
\macc@depth=\count313
LaTeX Info: Redefining \bmod on input line 905.
LaTeX Info: Redefining \pmod on input line 910.
LaTeX Info: Redefining \smash on input line 940.
LaTeX Info: Redefining \relbar on input line 970.
LaTeX Info: Redefining \Relbar on input line 971.
\c@MaxMatrixCols=\count314
\dotsspace@=\muskip16
\c@parentequation=\count315
\dspbrk@lvl=\count316
\tag@help=\toks34
\row@=\count317
\column@=\count318
\maxfields@=\count319
\andhelp@=\toks35
\eqnshift@=\dimen260
\alignsep@=\dimen261
\tagshift@=\dimen262
\tagwidth@=\dimen263
\totwidth@=\dimen264
\lineht@=\dimen265
\@envbody=\toks36
\multlinegap=\skip74
\multlinetaggap=\skip75
\mathdisplay@stack=\toks37
LaTeX Info: Redefining \[ on input line 2953.
LaTeX Info: Redefining \] on input line 2954.
)) (/usr/local/texlive/2023/texmf-dist/tex/latex/tcolorbox/tcbfitting.code.tex
Library (tcolorbox): 'tcbfitting.code.tex' version '6.0.1'
\tcbfitdim=\dimen266
\tcb@lowerfitdim=\dimen267
\tcb@upperfitdim=\dimen268
\tcb@cur@hbadness=\count320
) (/usr/local/texlive/2023/texmf-dist/tex/latex/tcolorbox/tcblistingsutf8.code.tex
Library (tcolorbox): 'tcblistingsutf8.code.tex' version '6.0.1'
(/usr/local/texlive/2023/texmf-dist/tex/latex/tcolorbox/tcblistings.code.tex
Library (tcolorbox): 'tcblistings.code.tex' version '6.0.1'
(/usr/local/texlive/2023/texmf-dist/tex/latex/listings/listings.sty
\lst@mode=\count321
\lst@gtempboxa=\box82
\lst@token=\toks38
\lst@length=\count322
\lst@currlwidth=\dimen269
\lst@column=\count323
\lst@pos=\count324
\lst@lostspace=\dimen270
\lst@width=\dimen271
\lst@newlines=\count325
\lst@lineno=\count326
\lst@maxwidth=\dimen272
 (/usr/local/texlive/2023/texmf-dist/tex/latex/listings/lstmisc.sty
File: lstmisc.sty 2023/02/27 1.9 (Carsten Heinz)
\c@lstnumber=\count327
\lst@skipnumbers=\count328
\lst@framebox=\box83
) (/usr/local/texlive/2023/texmf-dist/tex/latex/listings/listings.cfg
File: listings.cfg 2023/02/27 1.9 listings configuration
))
Package: listings 2023/02/27 1.9 (Carsten Heinz)
 (/usr/local/texlive/2023/texmf-dist/tex/latex/tcolorbox/tcblistingscore.code.tex
Library (tcolorbox): 'tcblistingscore.code.tex' version '6.0.1'
(/usr/local/texlive/2023/texmf-dist/tex/latex/tcolorbox/tcbprocessing.code.tex
Library (tcolorbox): 'tcbprocessing.code.tex' version '6.0.1'
(/usr/local/texlive/2023/texmf-dist/tex/generic/pdftexcmds/pdftexcmds.sty
Package: pdftexcmds 2020-06-27 v0.33 Utility functions of pdfTeX for LuaTeX (HO)
Package pdftexcmds Info: \pdf@primitive is available.
Package pdftexcmds Info: \pdf@ifprimitive is available.
Package pdftexcmds Info: \pdfdraftmode found.
) (/usr/local/texlive/2023/texmf-dist/tex/latex/tools/shellesc.sty
Package: shellesc 2019/11/08 v1.0c unified shell escape interface for LaTeX
Package shellesc Info: Restricted shell escape enabled on input line 77.
))
\c@tcblisting=\count329
)) (/usr/local/texlive/2023/texmf-dist/tex/latex/listingsutf8/listingsutf8.sty
Package: listingsutf8 2019-12-10 v1.5 Allow UTF-8 in listings input (HO)
 (/usr/local/texlive/2023/texmf-dist/tex/generic/stringenc/stringenc.sty
Package: stringenc 2019/11/29 v1.12 Convert strings between diff. encodings (HO)
 (/usr/local/texlive/2023/texmf-dist/tex/generic/pdfescape/pdfescape.sty
Package: pdfescape 2019/12/09 v1.15 Implements pdfTeX's escape features (HO)
)))) (/usr/local/texlive/2023/texmf-dist/tex/latex/tcolorbox/tcbexternal.code.tex
Library (tcolorbox): 'tcbexternal.code.tex' version '6.0.1'
) (/usr/local/texlive/2023/texmf-dist/tex/latex/tcolorbox/tcbmagazine.code.tex
Library (tcolorbox): 'tcbmagazine.code.tex' version '6.0.1'
) (/usr/local/texlive/2023/texmf-dist/tex/latex/tcolorbox/tcbvignette.code.tex
Library (tcolorbox): 'tcbvignette.code.tex' version '6.0.1'
(/usr/local/texlive/2023/texmf-dist/tex/generic/pgf/frontendlayer/tikz/libraries/tikzlibraryfadings.code.tex
File: tikzlibraryfadings.code.tex 2023-01-15 v3.1.10 (3.1.10)
 (/usr/local/texlive/2023/texmf-dist/tex/generic/pgf/libraries/pgflibraryfadings.code.tex
File: pgflibraryfadings.code.tex 2023-01-15 v3.1.10 (3.1.10)
))) (/usr/local/texlive/2023/texmf-dist/tex/latex/tcolorbox/tcbposter.code.tex
Library (tcolorbox): 'tcbposter.code.tex' version '6.0.1'
)) (/usr/local/texlive/2023/texmf-dist/tex/latex/amsfonts/amssymb.sty
Package: amssymb 2013/01/14 v3.01 AMS font symbols
 (/usr/local/texlive/2023/texmf-dist/tex/latex/amsfonts/amsfonts.sty
Package: amsfonts 2013/01/14 v3.01 Basic AMSFonts support
\symAMSa=\mathgroup4
\symAMSb=\mathgroup5
LaTeX Font Info:    Redeclaring math symbol \hbar on input line 98.
LaTeX Font Info:    Overwriting math alphabet `\mathfrak' in version `bold'
(Font)                  U/euf/m/n --> U/euf/b/n on input line 106.
)) (/usr/local/texlive/2023/texmf-dist/tex/latex/amscls/amsthm.sty
Package: amsthm 2020/05/29 v2.20.6
\thm@style=\toks39
\thm@bodyfont=\toks40
\thm@headfont=\toks41
\thm@notefont=\toks42
\thm@headpunct=\toks43
\thm@preskip=\skip76
\thm@postskip=\skip77
\thm@headsep=\skip78
\dth@everypar=\toks44
) (/usr/local/texlive/2023/texmf-dist/tex/latex/tools/array.sty
Package: array 2022/09/04 v2.5g Tabular extension package (FMi)
\col@sep=\dimen273
\ar@mcellbox=\box84
\extrarowheight=\dimen274
\NC@list=\toks45
\extratabsurround=\skip79
\backup@length=\skip80
\ar@cellbox=\box85
) (/usr/local/texlive/2023/texmf-dist/tex/latex/bbm-macros/bbm.sty
Package: bbm 1999/03/15 V 1.2 provides fonts for set symbols - TH
LaTeX Font Info:    Overwriting math alphabet `\mathbbm' in version `bold'
(Font)                  U/bbm/m/n --> U/bbm/bx/n on input line 33.
LaTeX Font Info:    Overwriting math alphabet `\mathbbmss' in version `bold'
(Font)                  U/bbmss/m/n --> U/bbmss/bx/n on input line 35.
) (/usr/local/texlive/2023/texmf-dist/tex/latex/blindtext/blindtext.sty
Package: blindtext 2012/01/06 V2.0 blindtext-Package
 (/usr/local/texlive/2023/texmf-dist/tex/latex/tools/xspace.sty
Package: xspace 2014/10/28 v1.13 Space after command names (DPC,MH)
)
\c@blindtext=\count330
\c@Blindtext=\count331
\c@blind@countparstart=\count332
\blind@countxx=\count333
\blindtext@numBlindtext=\count334
\blind@countyy=\count335
\c@blindlist=\count336
\c@blindlistlevel=\count337
\c@blindlist@level=\count338
\blind@listitem=\count339
\c@blind@listcount=\count340
\c@blind@levelcount=\count341
\blind@mathformula=\count342
\blind@Mathformula=\count343
\c@blind@randomcount=\count344
\c@blind@randommax=\count345
\c@blind@pangramcount=\count346
\c@blind@pangrammax=\count347
) (/usr/local/texlive/2023/texmf-dist/tex/latex/commutative-diagrams/commutative-diagrams.sty
Package: commutative-diagrams 2020/06/11 1.0.1 CoDi: Commutative Diagrams for TeX
 (/usr/local/texlive/2023/texmf-dist/tex/generic/commutative-diagrams/tikzlibrarycommutative-diagrams.code.tex (/usr/local/texlive/2023/texmf-dist/tex/generic/commutative-diagrams/tikzlibrarycommutative-diagrams.diorthono.code.tex) (/usr/local/texlive/2023/texmf-dist/tex/generic/commutative-diagrams/tikzlibrarycommutative-diagrams.ramma.code.tex (/usr/local/texlive/2023/texmf-dist/tex/generic/commutative-diagrams/tikzlibrarycommutative-diagrams.bapto.code.tex) (/usr/local/texlive/2023/texmf-dist/tex/generic/commutative-diagrams/tikzlibrarycommutative-diagrams.ektropi.code.tex (/usr/local/texlive/2023/texmf-dist/tex/generic/commutative-diagrams/tikzlibrarycommutative-diagrams.koinos.code.tex
\kDEscapecharCounter=\count348
\kDOptTok=\toks46
\kDGrpTok=\toks47
\kDTmpTok=\toks48
\kDDumpFile=\write4
)
\kDEktropiDefaultToksBackup=\toks49
) (/usr/local/texlive/2023/texmf-dist/tex/generic/commutative-diagrams/tikzlibrarycommutative-diagrams.katharizo.code.tex
\kDKatharizoStringified=\toks50
\kDKatharizoSanitized=\toks51
) (/usr/local/texlive/2023/texmf-dist/tex/generic/commutative-diagrams/tikzlibrarycommutative-diagrams.ozos.code.tex) (/usr/local/texlive/2023/texmf-dist/tex/generic/commutative-diagrams/tikzlibrarycommutative-diagrams.mitra.code.tex (/usr/local/texlive/2023/texmf-dist/tex/generic/pgf/frontendlayer/tikz/libraries/tikzlibrarymatrix.code.tex
File: tikzlibrarymatrix.code.tex 2023-01-15 v3.1.10 (3.1.10)
)
\kDMitraTmpTok=\toks52
\kDMitraMatOutTok=\toks53
\kDMitraRowOptTok=\toks54
\kDMitraColOptTok=\toks55
\kDMitraCelOptTok=\toks56
\kDMitraCelCntTok=\toks57
) (/usr/local/texlive/2023/texmf-dist/tex/generic/commutative-diagrams/tikzlibrarycommutative-diagrams.velos.code.tex
\kDVelosTemp=\toks58
\kDVelosGlobalLabelOptions=\toks59
\kDVelosGlobalEdgeOptions=\toks60
\kDVelosSource=\toks61
\kDVelosCurFstSrc=\toks62
\kDVelosPrvFstSrc=\toks63
\kDVelosEdge=\toks64
\kDVelosTarget=\toks65
\kDVelosCurLstTar=\toks66
\kDVelosPrvLstTar=\toks67
\kDVelosDerefSrc=\toks68
\kDVelosDerefTar=\toks69
)
\kDRammaOptTok=\toks70
\kDRammaTmpTok=\toks71
) (/usr/local/texlive/2023/texmf-dist/tex/generic/commutative-diagrams/tikzlibrarycommutative-diagrams.mandyas.code.tex
(/usr/local/texlive/2023/texmf-dist/tex/generic/pgf/frontendlayer/tikz/libraries/tikzlibrarycalc.code.tex
File: tikzlibrarycalc.code.tex 2023-01-15 v3.1.10 (3.1.10)
) (/usr/local/texlive/2023/texmf-dist/tex/generic/pgf/frontendlayer/tikz/libraries/tikzlibrarypositioning.code.tex
File: tikzlibrarypositioning.code.tex 2023-01-15 v3.1.10 (3.1.10)
)))) (/usr/local/texlive/2023/texmf-dist/tex/latex/doublestroke/dsfont.sty
Package: dsfont 1995/08/01 v0.1 Double stroke roman fonts
) (/usr/local/texlive/2023/texmf-dist/tex/latex/dynkin-diagrams/dynkin-diagrams.sty
Package: dynkin-diagrams 2021/04/04 Dynkin diagrams
 (/usr/local/texlive/2023/texmf-dist/tex/generic/xstring/xstring.sty (/usr/local/texlive/2023/texmf-dist/tex/generic/xstring/xstring.tex
\integerpart=\count349
\decimalpart=\count350
)
Package: xstring 2023/01/14 v1.85 String manipulations (CT)
) (/usr/local/texlive/2023/texmf-dist/tex/latex/l3packages/xparse/xparse.sty (/usr/local/texlive/2023/texmf-dist/tex/latex/l3kernel/expl3.sty
Package: expl3 2023-02-22 L3 programming layer (loader) 
 (/usr/local/texlive/2023/texmf-dist/tex/latex/l3backend/l3backend-pdftex.def
File: l3backend-pdftex.def 2023-01-16 L3 backend support: PDF output (pdfTeX)
\l__color_backend_stack_int=\count351
\l__pdf_internal_box=\box86
))
Package: xparse 2023-02-02 L3 Experimental document command parser
) (/usr/local/texlive/2023/texmf-dist/tex/latex/pgfopts/pgfopts.sty
Package: pgfopts 2014/07/10 v2.1a LaTeX package options with pgfkeys
\pgfopts@list@add@a@toks=\toks72
\pgfopts@list@add@b@toks=\toks73
) (/usr/local/texlive/2023/texmf-dist/tex/latex/mathtools/mathtools.sty
Package: mathtools 2022/06/29 v1.29 mathematical typesetting tools
 (/usr/local/texlive/2023/texmf-dist/tex/latex/tools/calc.sty
Package: calc 2017/05/25 v4.3 Infix arithmetic (KKT,FJ)
\calc@Acount=\count352
\calc@Bcount=\count353
\calc@Adimen=\dimen275
\calc@Bdimen=\dimen276
\calc@Askip=\skip81
\calc@Bskip=\skip82
LaTeX Info: Redefining \setlength on input line 80.
LaTeX Info: Redefining \addtolength on input line 81.
\calc@Ccount=\count354
\calc@Cskip=\skip83
) (/usr/local/texlive/2023/texmf-dist/tex/latex/mathtools/mhsetup.sty
Package: mhsetup 2021/03/18 v1.4 programming setup (MH)
)
\g_MT_multlinerow_int=\count355
\l_MT_multwidth_dim=\dimen277
\origjot=\skip84
\l_MT_shortvdotswithinadjustabove_dim=\dimen278
\l_MT_shortvdotswithinadjustbelow_dim=\dimen279
\l_MT_above_intertext_sep=\dimen280
\l_MT_below_intertext_sep=\dimen281
\l_MT_above_shortintertext_sep=\dimen282
\l_MT_below_shortintertext_sep=\dimen283
\xmathstrut@box=\box87
\xmathstrut@dim=\dimen284
) (/usr/local/texlive/2023/texmf-dist/tex/generic/pgf/frontendlayer/tikz/libraries/tikzlibraryarrows.code.tex
File: tikzlibraryarrows.code.tex 2023-01-15 v3.1.10 (3.1.10)
 (/usr/local/texlive/2023/texmf-dist/tex/generic/pgf/libraries/pgflibraryarrows.code.tex
File: pgflibraryarrows.code.tex 2023-01-15 v3.1.10 (3.1.10)
\arrowsize=\dimen285
)) (/usr/local/texlive/2023/texmf-dist/tex/generic/pgf/libraries/pgflibraryarrows.meta.code.tex
File: pgflibraryarrows.meta.code.tex 2023-01-15 v3.1.10 (3.1.10)
\pgfarrowinset=\dimen286
\pgfarrowlength=\dimen287
\pgfarrowwidth=\dimen288
\pgfarrowlinewidth=\dimen289
) (/usr/local/texlive/2023/texmf-dist/tex/generic/pgf/frontendlayer/tikz/libraries/tikzlibrarybackgrounds.code.tex
File: tikzlibrarybackgrounds.code.tex 2023-01-15 v3.1.10 (3.1.10)
\pgf@layerbox@background=\box88
\pgf@layerboxsaved@background=\box89
) (/usr/local/texlive/2023/texmf-dist/tex/generic/pgf/frontendlayer/tikz/libraries/tikzlibrarydecorations.markings.code.tex (/usr/local/texlive/2023/texmf-dist/tex/generic/pgf/frontendlayer/tikz/libraries/tikzlibrarydecorations.code.tex (/usr/local/texlive/2023/texmf-dist/tex/generic/pgf/modules/pgfmoduledecorations.code.tex
\pgfdecoratedcompleteddistance=\dimen290
\pgfdecoratedremainingdistance=\dimen291
\pgfdecoratedinputsegmentcompleteddistance=\dimen292
\pgfdecoratedinputsegmentremainingdistance=\dimen293
\pgf@decorate@distancetomove=\dimen294
\pgf@decorate@repeatstate=\count356
\pgfdecorationsegmentamplitude=\dimen295
\pgfdecorationsegmentlength=\dimen296
)
\tikz@lib@dec@box=\box90
) (/usr/local/texlive/2023/texmf-dist/tex/generic/pgf/libraries/decorations/pgflibrarydecorations.markings.code.tex)) (/usr/local/texlive/2023/texmf-dist/tex/generic/pgf/frontendlayer/tikz/libraries/tikzlibrarydecorations.pathreplacing.code.tex
(/usr/local/texlive/2023/texmf-dist/tex/generic/pgf/libraries/decorations/pgflibrarydecorations.pathreplacing.code.tex)) (/usr/local/texlive/2023/texmf-dist/tex/generic/pgf/frontendlayer/tikz/libraries/tikzlibrarydecorations.pathmorphing.code.tex (/usr/local/texlive/2023/texmf-dist/tex/generic/pgf/libraries/decorations/pgflibrarydecorations.pathmorphing.code.tex)) (/usr/local/texlive/2023/texmf-dist/tex/generic/pgf/frontendlayer/tikz/libraries/tikzlibraryfit.code.tex
File: tikzlibraryfit.code.tex 2023-01-15 v3.1.10 (3.1.10)
) (/usr/local/texlive/2023/texmf-dist/tex/generic/pgf/frontendlayer/tikz/libraries/tikzlibrarypatterns.code.tex
File: tikzlibrarypatterns.code.tex 2023-01-15 v3.1.10 (3.1.10)
 (/usr/local/texlive/2023/texmf-dist/tex/generic/pgf/libraries/pgflibrarypatterns.code.tex
File: pgflibrarypatterns.code.tex 2023-01-15 v3.1.10 (3.1.10)
)) (/usr/local/texlive/2023/texmf-dist/tex/generic/pgf/frontendlayer/tikz/libraries/tikzlibraryshadows.code.tex
File: tikzlibraryshadows.code.tex 2023-01-15 v3.1.10 (3.1.10)
)
\pgf@layerbox@Dynkin behind=\box91
\pgf@layerboxsaved@Dynkin behind=\box92
\dynkinOverrideRoot=\count357
\dynkin@rpo=\count358
\c@dynkinRootNo=\count359
\dynkin@onesbit=\count360
\dynkin@twosbit=\count361
\dynkin@rank=\count362
\dynkin@rank@minus@one=\count363
\dynkin@rank@minus@two=\count364
\dynkin@rank@minus@three=\count365
\dynkin@nodes=\count366
\dynkin@ply=\count367
\dynkin@drpo=\count368
\dynkin@where=\count369
\dynkin@first@root@no=\count370
\dynkin@second@root@no=\count371
\dynkin@Root@Numbr=\count372
\dynkin@string@length=\count373
\dynkin@Root@Numbrpo=\count374
\defaultpgflinewidth=\skip85
\dynkin@lenny=\count375
\dynkin@Root@Number=\count376
\@dynkin@from@root=\count377
\@dynkin@to@root=\count378
\dynkin@r=\count379
\dynkin@root@no=\count380
\dynkin@order@temp=\count381
\dynkin@order@temp@b=\count382
\tempDynkinReorder=\count383
\test@bit@a=\count384
\test@bit@b=\count385
\replaceNthCounter=\count386
\replacementN=\count387
\dynkin@where=\count388
\dynkin@nodes@minus@one=\count389
\pipebmo=\count390
\pipefpo=\count391
\pipe@end=\count392
\start@pipe=\count393
\dynkin@h=\count394
\dynkin@hpo=\count395
\dynkin@afterfold=\count396
\dynkin@nrts=\count397
\dynkin@countdown=\count398
\dynkin@bmo=\count399
\dynkin@bmo=\count400
\dynkin@height@minus@one=\count401
\dynkin@nodes@minus@one=\count402
) (/usr/local/texlive/2023/texmf-dist/tex/latex/enumitem/enumitem.sty
Package: enumitem 2019/06/20 v3.9 Customized lists
\labelindent=\skip86
\enit@outerparindent=\dimen297
\enit@toks=\toks74
\enit@inbox=\box93
\enit@count@id=\count403
\enitdp@description=\count404
) (/usr/local/texlive/2023/texmf-dist/tex/latex/amsfonts/euscript.sty
Package: euscript 2009/06/22 v3.00 Euler Script fonts
LaTeX Font Info:    Overwriting math alphabet `\EuScript' in version `bold'
(Font)                  U/eus/m/n --> U/eus/b/n on input line 33.
) (/usr/local/texlive/2023/texmf-dist/tex/latex/extarrows/extarrows.sty
Package: extarrows 2020/03/12 v1.2.0 Some extensible arrows
) (/usr/local/texlive/2023/texmf-dist/tex/latex/fancyhdr/fancyhdr.sty
Package: fancyhdr 2022/11/09 v4.1 Extensive control of page headers and footers
\f@nch@headwidth=\skip87
\f@nch@O@elh=\skip88
\f@nch@O@erh=\skip89
\f@nch@O@olh=\skip90
\f@nch@O@orh=\skip91
\f@nch@O@elf=\skip92
\f@nch@O@erf=\skip93
\f@nch@O@olf=\skip94
\f@nch@O@orf=\skip95
) (/usr/local/texlive/2023/texmf-dist/tex/latex/float/float.sty
Package: float 2001/11/08 v1.3d Float enhancements (AL)
\c@float@type=\count405
\float@exts=\toks75
\float@box=\box94
\@float@everytoks=\toks76
\@floatcapt=\box95
) (/usr/local/texlive/2023/texmf-dist/tex/latex/tools/hhline.sty
Package: hhline 2020/01/04 v2.04 Table rule package (DPC)
) (/usr/local/texlive/2023/texmf-dist/tex/latex/hyperref/hyperref.sty
Package: hyperref 2023-02-07 v7.00v Hypertext links for LaTeX
 (/usr/local/texlive/2023/texmf-dist/tex/generic/kvdefinekeys/kvdefinekeys.sty
Package: kvdefinekeys 2019-12-19 v1.6 Define keys (HO)
) (/usr/local/texlive/2023/texmf-dist/tex/latex/hycolor/hycolor.sty
Package: hycolor 2020-01-27 v1.10 Color options for hyperref/bookmark (HO)
) (/usr/local/texlive/2023/texmf-dist/tex/latex/letltxmacro/letltxmacro.sty
Package: letltxmacro 2019/12/03 v1.6 Let assignment for LaTeX macros (HO)
) (/usr/local/texlive/2023/texmf-dist/tex/latex/auxhook/auxhook.sty
Package: auxhook 2019-12-17 v1.6 Hooks for auxiliary files (HO)
) (/usr/local/texlive/2023/texmf-dist/tex/latex/hyperref/nameref.sty
Package: nameref 2022-05-17 v2.50 Cross-referencing by name of section
 (/usr/local/texlive/2023/texmf-dist/tex/latex/refcount/refcount.sty
Package: refcount 2019/12/15 v3.6 Data extraction from label references (HO)
) (/usr/local/texlive/2023/texmf-dist/tex/generic/gettitlestring/gettitlestring.sty
Package: gettitlestring 2019/12/15 v1.6 Cleanup title references (HO)
)
\c@section@level=\count406
)
\@linkdim=\dimen298
\Hy@linkcounter=\count407
\Hy@pagecounter=\count408
 (/usr/local/texlive/2023/texmf-dist/tex/latex/hyperref/pd1enc.def
File: pd1enc.def 2023-02-07 v7.00v Hyperref: PDFDocEncoding definition (HO)
Now handling font encoding PD1 ...
... no UTF-8 mapping file for font encoding PD1
) (/usr/local/texlive/2023/texmf-dist/tex/generic/intcalc/intcalc.sty
Package: intcalc 2019/12/15 v1.3 Expandable calculations with integers (HO)
) (/usr/local/texlive/2023/texmf-dist/tex/generic/etexcmds/etexcmds.sty
Package: etexcmds 2019/12/15 v1.7 Avoid name clashes with e-TeX commands (HO)
)
\Hy@SavedSpaceFactor=\count409

(/usr/local/texlive/2023/texmf-dist/tex/latex/hyperref/puenc.def
File: puenc.def 2023-02-07 v7.00v Hyperref: PDF Unicode definition (HO)
Now handling font encoding PU ...
... no UTF-8 mapping file for font encoding PU
)
Package hyperref Info: Hyper figures OFF on input line 4177.
Package hyperref Info: Link nesting OFF on input line 4182.
Package hyperref Info: Hyper index ON on input line 4185.
Package hyperref Info: Plain pages OFF on input line 4192.
Package hyperref Info: Backreferencing OFF on input line 4197.
Package hyperref Info: Implicit mode ON; LaTeX internals redefined.
Package hyperref Info: Bookmarks ON on input line 4425.
\c@Hy@tempcnt=\count410
 (/usr/local/texlive/2023/texmf-dist/tex/latex/url/url.sty
\Urlmuskip=\muskip17
Package: url 2013/09/16  ver 3.4  Verb mode for urls, etc.
)
LaTeX Info: Redefining \url on input line 4763.
\XeTeXLinkMargin=\dimen299
 (/usr/local/texlive/2023/texmf-dist/tex/generic/bitset/bitset.sty
Package: bitset 2019/12/09 v1.3 Handle bit-vector datatype (HO)
 (/usr/local/texlive/2023/texmf-dist/tex/generic/bigintcalc/bigintcalc.sty
Package: bigintcalc 2019/12/15 v1.5 Expandable calculations on big integers (HO)
))
\Fld@menulength=\count411
\Field@Width=\dimen300
\Fld@charsize=\dimen301
Package hyperref Info: Hyper figures OFF on input line 6042.
Package hyperref Info: Link nesting OFF on input line 6047.
Package hyperref Info: Hyper index ON on input line 6050.
Package hyperref Info: backreferencing OFF on input line 6057.
Package hyperref Info: Link coloring OFF on input line 6062.
Package hyperref Info: Link coloring with OCG OFF on input line 6067.
Package hyperref Info: PDF/A mode OFF on input line 6072.
 (/usr/local/texlive/2023/texmf-dist/tex/latex/base/atbegshi-ltx.sty
Package: atbegshi-ltx 2021/01/10 v1.0c Emulation of the original atbegshi
package with kernel methods
)
\Hy@abspage=\count412
\c@Item=\count413
\c@Hfootnote=\count414
)
Package hyperref Info: Driver (autodetected): hpdftex.
 (/usr/local/texlive/2023/texmf-dist/tex/latex/hyperref/hpdftex.def
File: hpdftex.def 2023-02-07 v7.00v Hyperref driver for pdfTeX
 (/usr/local/texlive/2023/texmf-dist/tex/latex/base/atveryend-ltx.sty
Package: atveryend-ltx 2020/08/19 v1.0a Emulation of the original atveryend package
with kernel methods
)
\Fld@listcount=\count415
\c@bookmark@seq@number=\count416
 (/usr/local/texlive/2023/texmf-dist/tex/latex/rerunfilecheck/rerunfilecheck.sty
Package: rerunfilecheck 2022-07-10 v1.10 Rerun checks for auxiliary files (HO)
 (/usr/local/texlive/2023/texmf-dist/tex/generic/uniquecounter/uniquecounter.sty
Package: uniquecounter 2019/12/15 v1.4 Provide unlimited unique counter (HO)
)
Package uniquecounter Info: New unique counter `rerunfilecheck' on input line 285.
)
\Hy@SectionHShift=\skip96
) (/usr/local/texlive/2023/texmf-dist/tex/latex/cleveref/cleveref.sty
Package: cleveref 2018/03/27 v0.21.4 Intelligent cross-referencing
Package cleveref Info: `hyperref' support loaded on input line 2370.
LaTeX Info: Redefining \cref on input line 2370.
LaTeX Info: Redefining \Cref on input line 2370.
LaTeX Info: Redefining \crefrange on input line 2370.
LaTeX Info: Redefining \Crefrange on input line 2370.
LaTeX Info: Redefining \cpageref on input line 2370.
LaTeX Info: Redefining \Cpageref on input line 2370.
LaTeX Info: Redefining \cpagerefrange on input line 2370.
LaTeX Info: Redefining \Cpagerefrange on input line 2370.
LaTeX Info: Redefining \labelcref on input line 2370.
LaTeX Info: Redefining \labelcpageref on input line 2370.
Package cleveref Info: `amsthm' support loaded on input line 3026.
Package cleveref Info: `listings' support loaded on input line 3131.
) (/usr/local/texlive/2023/texmf-dist/tex/latex/base/inputenc.sty
Package: inputenc 2021/02/14 v1.3d Input encoding file
\inpenc@prehook=\toks77
\inpenc@posthook=\toks78
) (/usr/local/texlive/2023/texmf-dist/tex/latex/tools/longtable.sty
Package: longtable 2021-09-01 v4.17 Multi-page Table package (DPC)
\LTleft=\skip97
\LTright=\skip98
\LTpre=\skip99
\LTpost=\skip100
\LTchunksize=\count417
\LTcapwidth=\dimen302
\LT@head=\box96
\LT@firsthead=\box97
\LT@foot=\box98
\LT@lastfoot=\box99
\LT@gbox=\box100
\LT@cols=\count418
\LT@rows=\count419
\c@LT@tables=\count420
\c@LT@chunks=\count421
\LT@p@ftn=\toks79
) (/usr/local/texlive/2023/texmf-dist/tex/latex/base/makeidx.sty
Package: makeidx 2021/10/04 v1.0m Standard LaTeX package
) (/usr/local/texlive/2023/texmf-dist/tex/latex/jknapltx/mathrsfs.sty
Package: mathrsfs 1996/01/01 Math RSFS package v1.0 (jk)
\symrsfs=\mathgroup6
) (/usr/local/texlive/2023/texmf-dist/tex/latex/tools/multicol.sty
Package: multicol 2021/11/30 v1.9d multicolumn formatting (FMi)
\c@tracingmulticols=\count422
\mult@box=\box101
\multicol@leftmargin=\dimen303
\c@unbalance=\count423
\c@collectmore=\count424
\doublecol@number=\count425
\multicoltolerance=\count426
\multicolpretolerance=\count427
\full@width=\dimen304
\page@free=\dimen305
\premulticols=\dimen306
\postmulticols=\dimen307
\multicolsep=\skip101
\multicolbaselineskip=\skip102
\partial@page=\box102
\last@line=\box103
\maxbalancingoverflow=\dimen308
\mult@rightbox=\box104
\mult@grightbox=\box105
\mult@firstbox=\box106
\mult@gfirstbox=\box107
\@tempa=\box108
\@tempa=\box109
\@tempa=\box110
\@tempa=\box111
\@tempa=\box112
\@tempa=\box113
\@tempa=\box114
\@tempa=\box115
\@tempa=\box116
\@tempa=\box117
\@tempa=\box118
\@tempa=\box119
\@tempa=\box120
\@tempa=\box121
\@tempa=\box122
\@tempa=\box123
\@tempa=\box124
\@tempa=\box125
\@tempa=\box126
\@tempa=\box127
\@tempa=\box128
\@tempa=\box129
\@tempa=\box130
\@tempa=\box131
\@tempa=\box132
\@tempa=\box133
\@tempa=\box134
\@tempa=\box135
\@tempa=\box136
\@tempa=\box137
\@tempa=\box138
\@tempa=\box139
\@tempa=\box140
\@tempa=\box141
\@tempa=\box142
\@tempa=\box143
\c@minrows=\count428
\c@columnbadness=\count429
\c@finalcolumnbadness=\count430
\last@try=\dimen309
\multicolovershoot=\dimen310
\multicolundershoot=\dimen311
\mult@nat@firstbox=\box144
\colbreak@box=\box145
\mc@col@check@num=\count431
) (/usr/local/texlive/2023/texmf-dist/tex/latex/pgfplots/pgfplots.sty (/usr/local/texlive/2023/texmf-dist/tex/generic/pgfplots/pgfplots.revision.tex)
Package: pgfplots 2021/05/15 v1.18.1 Data Visualization (1.18.1)
 (/usr/local/texlive/2023/texmf-dist/tex/generic/pgfplots/pgfplots.code.tex (/usr/local/texlive/2023/texmf-dist/tex/generic/pgfplots/pgfplotscore.code.tex
\t@pgfplots@toka=\toks80
\t@pgfplots@tokb=\toks81
\t@pgfplots@tokc=\toks82
\pgfplots@tmpa=\dimen312
\c@pgfplots@coordindex=\count432
\c@pgfplots@scanlineindex=\count433
 (/usr/local/texlive/2023/texmf-dist/tex/generic/pgfplots/sys/pgfplotssysgeneric.code.tex)) (/usr/local/texlive/2023/texmf-dist/tex/generic/pgfplots/libs/pgfplotslibrary.code.tex) (/usr/local/texlive/2023/texmf-dist/tex/generic/pgfplots/oldpgfcompatib/pgfplotsoldpgfsupp_loader.code.tex (/usr/local/texlive/2023/texmf-dist/tex/generic/pgf/libraries/pgflibraryfpu.code.tex)
Package pgfplots: loading complementary utilities for your pgf version...
\t@pgf@toka=\toks83
\t@pgf@tokb=\toks84
\t@pgf@tokc=\toks85
(/usr/local/texlive/2023/texmf-dist/tex/generic/pgfplots/oldpgfcompatib/pgfplotsoldpgfsupp_pgfutil-common-lists.tex)) (/usr/local/texlive/2023/texmf-dist/tex/generic/pgfplots/util/pgfplotsutil.code.tex (/usr/local/texlive/2023/texmf-dist/tex/generic/pgfplots/liststructure/pgfplotsliststructure.code.tex) (/usr/local/texlive/2023/texmf-dist/tex/generic/pgfplots/liststructure/pgfplotsliststructureext.code.tex) (/usr/local/texlive/2023/texmf-dist/tex/generic/pgfplots/liststructure/pgfplotsarray.code.tex
\c@pgfplotsarray@tmp=\count434
) (/usr/local/texlive/2023/texmf-dist/tex/generic/pgfplots/liststructure/pgfplotsmatrix.code.tex) (/usr/local/texlive/2023/texmf-dist/tex/generic/pgfplots/numtable/pgfplotstableshared.code.tex
\c@pgfplotstable@counta=\count435
\t@pgfplotstable@a=\toks86
) (/usr/local/texlive/2023/texmf-dist/tex/generic/pgfplots/liststructure/pgfplotsdeque.code.tex) (/usr/local/texlive/2023/texmf-dist/tex/generic/pgfplots/util/pgfplotsbinary.code.tex (/usr/local/texlive/2023/texmf-dist/tex/generic/pgfplots/util/pgfplotsbinary.data.code.tex)) (/usr/local/texlive/2023/texmf-dist/tex/generic/pgfplots/util/pgfplotsutil.verb.code.tex) (/usr/local/texlive/2023/texmf-dist/tex/generic/pgfplots/libs/pgflibrarypgfplots.surfshading.code.tex
\c@pgfplotslibrarysurf@no=\count436
 (/usr/local/texlive/2023/texmf-dist/tex/generic/pgfplots/sys/pgflibrarypgfplots.surfshading.pgfsys-pdftex.def))) (/usr/local/texlive/2023/texmf-dist/tex/generic/pgfplots/util/pgfplotscolormap.code.tex (/usr/local/texlive/2023/texmf-dist/tex/generic/pgfplots/util/pgfplotscolor.code.tex)) (/usr/local/texlive/2023/texmf-dist/tex/generic/pgfplots/pgfplotsstackedplots.code.tex) (/usr/local/texlive/2023/texmf-dist/tex/generic/pgfplots/pgfplotsplothandlers.code.tex (/usr/local/texlive/2023/texmf-dist/tex/generic/pgfplots/pgfplotsmeshplothandler.code.tex (/usr/local/texlive/2023/texmf-dist/tex/generic/pgfplots/pgfplotsmeshplotimage.code.tex))) (/usr/local/texlive/2023/texmf-dist/tex/generic/pgfplots/pgfplots.scaling.code.tex) (/usr/local/texlive/2023/texmf-dist/tex/generic/pgfplots/pgfplotscoordprocessing.code.tex)
(/usr/local/texlive/2023/texmf-dist/tex/generic/pgfplots/pgfplots.errorbars.code.tex) (/usr/local/texlive/2023/texmf-dist/tex/generic/pgfplots/pgfplots.markers.code.tex) (/usr/local/texlive/2023/texmf-dist/tex/generic/pgfplots/pgfplotsticks.code.tex) (/usr/local/texlive/2023/texmf-dist/tex/generic/pgfplots/pgfplots.paths.code.tex) (/usr/local/texlive/2023/texmf-dist/tex/generic/pgfplots/libs/tikzlibrarypgfplots.contourlua.code.tex)
\pgfplots@numplots=\count437
\pgfplots@xmin@reg=\dimen313
\pgfplots@xmax@reg=\dimen314
\pgfplots@ymin@reg=\dimen315
\pgfplots@ymax@reg=\dimen316
\pgfplots@zmin@reg=\dimen317
\pgfplots@zmax@reg=\dimen318
) (/usr/local/texlive/2023/texmf-dist/tex/generic/pgf/frontendlayer/tikz/libraries/tikzlibraryplotmarks.code.tex
File: tikzlibraryplotmarks.code.tex 2023-01-15 v3.1.10 (3.1.10)
 (/usr/local/texlive/2023/texmf-dist/tex/generic/pgf/libraries/pgflibraryplotmarks.code.tex
File: pgflibraryplotmarks.code.tex 2023-01-15 v3.1.10 (3.1.10)
))) (/usr/local/texlive/2023/texmf-dist/tex/latex/scalerel/scalerel.sty
Package: scalerel 2016/12/29 v1.8 Routines for constrained scaling and stretching of objects, relative to a reference object or in absolute terms
\thesrwidth=\skip103
\thesrheight=\skip104
\srblobheight=\skip105
\srblobdepth=\skip106
\mnxsrwidth=\skip107
\LMex=\skip108
\LMpt=\skip109
) (/usr/local/texlive/2023/texmf-dist/tex/latex/setspace/setspace.sty
Package: setspace 2022/12/04 v6.7b set line spacing
) (/usr/local/texlive/2023/texmf-dist/tex/latex/stackengine/stackengine.sty
Package: stackengine 2021/07/22 v4.11\ Stacking text and objects in convenient ways
 (/usr/local/texlive/2023/texmf-dist/tex/generic/listofitems/listofitems.sty (/usr/local/texlive/2023/texmf-dist/tex/generic/listofitems/listofitems.tex
\loi_cnt_foreach_nest=\count438
\loi_nestcnt=\count439
)
Package: listofitems 2019/08/21 v1.63 Grab items in lists using user-specified sep char (CT)
)
\c@@stackindex=\count440
\@boxshift=\skip110
\stack@tmplength=\skip111
\temp@stkl=\skip112
\@stackedboxwidth=\skip113
\@addedbox=\box146
\@anchorbox=\box147
\@insetbox=\box148
\se@backgroundbox=\box149
\stackedbox=\box150
\@centerbox=\box151
\c@ROWcellindex@=\count441
) (/usr/local/texlive/2023/texmf-dist/tex/latex/oberdiek/stackrel.sty
Package: stackrel 2016/05/16 v1.3 Adding subscript option to stackrel (HO)
) (/usr/local/texlive/2023/texmf-dist/tex/latex/thmtools/thmtools.sty
Package: thmtools 2023/02/17 v0.75
\thmt@toks=\toks87
\c@thmt@dummyctr=\count442
 (/usr/local/texlive/2023/texmf-dist/tex/latex/thmtools/thm-patch.sty
Package: thm-patch 2023/02/17 v0.75
 (/usr/local/texlive/2023/texmf-dist/tex/latex/thmtools/parseargs.sty
Package: parseargs 2023/02/17 v0.75
\@parsespec=\toks88
)) (/usr/local/texlive/2023/texmf-dist/tex/latex/thmtools/thm-kv.sty
Package: thm-kv 2023/02/17 v0.75
Package thm-kv Info: Theorem names will be uppercased on input line 42.
Package thm-kv Info: kvsetkeys patch (v1.16 or later) on input line 158.
) (/usr/local/texlive/2023/texmf-dist/tex/latex/thmtools/thm-autoref.sty
Package: thm-autoref 2023/02/17 v0.75
 (/usr/local/texlive/2023/texmf-dist/tex/latex/thmtools/aliasctr.sty
Package: aliasctr 2023/02/17 v0.75
)) (/usr/local/texlive/2023/texmf-dist/tex/latex/thmtools/thm-listof.sty
Package: thm-listof 2023/02/17 v0.75
) (/usr/local/texlive/2023/texmf-dist/tex/latex/thmtools/thm-restate.sty
Package: thm-restate 2023/02/17 v0.75
) (/usr/local/texlive/2023/texmf-dist/tex/latex/thmtools/thm-amsthm.sty
Package: thm-amsthm 2023/02/17 v0.75
\thmt@style@headstyle=\toks89
)) (/usr/local/texlive/2023/texmf-dist/tex/latex/tikz-cd/tikz-cd.sty
Package: tikz-cd 2021/05/04 v1.0 Commutative diagrams with TikZ
 (/usr/local/texlive/2023/texmf-dist/tex/generic/tikz-cd/tikzlibrarycd.code.tex (/usr/local/texlive/2023/texmf-dist/tex/generic/pgf/frontendlayer/tikz/libraries/tikzlibraryquotes.code.tex
File: tikzlibraryquotes.code.tex 2023-01-15 v3.1.10 (3.1.10)
)))
(/usr/local/texlive/2023/texmf-dist/tex/latex/titlesec/titlesec.sty
Package: titlesec 2021/07/05 v2.14 Sectioning titles
\ttl@box=\box152
\beforetitleunit=\skip114
\aftertitleunit=\skip115
\ttl@plus=\dimen319
\ttl@minus=\dimen320
\ttl@toksa=\toks90
\titlewidth=\dimen321
\titlewidthlast=\dimen322
\titlewidthfirst=\dimen323
) (/usr/local/texlive/2023/texmf-dist/tex/latex/wasysym/wasysym.sty
Package: wasysym 2020/01/19 v2.4 Wasy-2 symbol support package
\symwasy=\mathgroup7
LaTeX Font Info:    Overwriting symbol font `wasy' in version `bold'
(Font)                  U/wasy/m/n --> U/wasy/b/n on input line 93.
) (/usr/local/texlive/2023/texmf-dist/tex/latex/wrapfig/wrapfig.sty
\wrapoverhang=\dimen324
\WF@size=\dimen325
\c@WF@wrappedlines=\count443
\WF@box=\box153
\WF@everypar=\toks91
Package: wrapfig 2003/01/31  v 3.6
) (/usr/local/texlive/2023/texmf-dist/tex/latex/import/import.sty
Package: import 2020/04/01  v 6.2
) (/usr/local/texlive/2023/texmf-dist/tex/latex/pdfpages/pdfpages.sty
Package: pdfpages 2022/12/19 v0.5x Insert pages of external PDF documents (AM)
 (/usr/local/texlive/2023/texmf-dist/tex/latex/eso-pic/eso-pic.sty
Package: eso-pic 2020/10/14 v3.0a eso-pic (RN)
\ESO@tempdima=\dimen326
\ESO@tempdimb=\dimen327
)
\AM@pagewidth=\dimen328
\AM@pageheight=\dimen329
\AM@fboxrule=\dimen330
 (/usr/local/texlive/2023/texmf-dist/tex/latex/pdfpages/pppdftex.def
File: pppdftex.def 2022/12/19 v0.5x Pdfpages driver for pdfTeX (AM)
)
\pdfpages@includegraphics@status=\count444
\AM@pagebox=\box154
\AM@global@opts=\toks92
\AM@pagecnt=\count445
\AM@toc@title=\toks93
\AM@lof@heading=\toks94
\c@AM@survey=\count446
\AM@templatesizebox=\box155
) (/usr/local/texlive/2023/texmf-dist/tex/latex/transparent/transparent.sty
Package: transparent 2022-10-27 v1.5 Transparency with color stacks
 (/usr/local/texlive/2023/texmf-dist/tex/latex/transparent/transparent-nometadata.sty
Package: transparent-nometadata 2022-10-27 v1.5 Transparency via pdfTeX's color stack (HO)
)) (/usr/local/texlive/2023/texmf-dist/tex/latex/csquotes/csquotes.sty
Package: csquotes 2022-09-14 v5.2n context-sensitive quotations (JAW)
\csq@reset=\count447
\csq@gtype=\count448
\csq@glevel=\count449
\csq@qlevel=\count450
\csq@maxlvl=\count451
\csq@tshold=\count452
\csq@ltx@everypar=\toks95
 (/usr/local/texlive/2023/texmf-dist/tex/latex/csquotes/csquotes.def
File: csquotes.def 2022-09-14 v5.2n csquotes generic definitions (JAW)
)
Package csquotes Info: Trying to load configuration file 'csquotes.cfg'...
Package csquotes Info: ... configuration file loaded successfully.
 (/usr/local/texlive/2023/texmf-dist/tex/latex/csquotes/csquotes.cfg
File: csquotes.cfg 
)) (/usr/local/texlive/2023/texmf-dist/tex/latex/biblatex/biblatex.sty
Package: biblatex 2023/03/05 v3.19 programmable bibliographies (PK/MW)
 (/usr/local/texlive/2023/texmf-dist/tex/latex/logreq/logreq.sty
Package: logreq 2010/08/04 v1.0 xml request logger
\lrq@indent=\count453
 (/usr/local/texlive/2023/texmf-dist/tex/latex/logreq/logreq.def
File: logreq.def 2010/08/04 v1.0 logreq spec v1.0
))
\c@tabx@nest=\count454
\c@listtotal=\count455
\c@listcount=\count456
\c@liststart=\count457
\c@liststop=\count458
\c@citecount=\count459
\c@citetotal=\count460
\c@multicitecount=\count461
\c@multicitetotal=\count462
\c@instcount=\count463
\c@maxnames=\count464
\c@minnames=\count465
\c@maxitems=\count466
\c@minitems=\count467
\c@citecounter=\count468
\c@maxcitecounter=\count469
\c@savedcitecounter=\count470
\c@uniquelist=\count471
\c@uniquename=\count472
\c@refsection=\count473
\c@refsegment=\count474
\c@maxextratitle=\count475
\c@maxextratitleyear=\count476
\c@maxextraname=\count477
\c@maxextradate=\count478
\c@maxextraalpha=\count479
\c@abbrvpenalty=\count480
\c@highnamepenalty=\count481
\c@lownamepenalty=\count482
\c@maxparens=\count483
\c@parenlevel=\count484
\blx@tempcnta=\count485
\blx@tempcntb=\count486
\blx@tempcntc=\count487
\c@blx@maxsection=\count488
\blx@maxsegment@0=\count489
\blx@notetype=\count490
\blx@parenlevel@text=\count491
\blx@parenlevel@foot=\count492
\blx@sectionciteorder@0=\count493
\blx@sectionciteorderinternal@0=\count494
\blx@entrysetcounter=\count495
\blx@biblioinstance=\count496
\labelnumberwidth=\skip116
\labelalphawidth=\skip117
\biblabelsep=\skip118
\bibitemsep=\skip119
\bibnamesep=\skip120
\bibinitsep=\skip121
\bibparsep=\skip122
\bibhang=\skip123
\blx@bcfin=\read4
\blx@bcfout=\write5
\blx@langwohyphens=\language87
\c@mincomprange=\count497
\c@maxcomprange=\count498
\c@mincompwidth=\count499
Package biblatex Info: Trying to load biblatex default data model...
Package biblatex Info: ... file 'blx-dm.def' found.
 (/usr/local/texlive/2023/texmf-dist/tex/latex/biblatex/blx-dm.def
File: blx-dm.def 2023/03/05 v3.19 biblatex localization (PK/MW)
)
Package biblatex Info: Trying to load biblatex custom data model...
Package biblatex Info: ... file 'biblatex-dm.cfg' not found.
\c@afterword=\count500
\c@savedafterword=\count501
\c@annotator=\count502
\c@savedannotator=\count503
\c@author=\count504
\c@savedauthor=\count505
\c@bookauthor=\count506
\c@savedbookauthor=\count507
\c@commentator=\count508
\c@savedcommentator=\count509
\c@editor=\count510
\c@savededitor=\count511
\c@editora=\count512
\c@savededitora=\count513
\c@editorb=\count514
\c@savededitorb=\count515
\c@editorc=\count516
\c@savededitorc=\count517
\c@foreword=\count518
\c@savedforeword=\count519
\c@holder=\count520
\c@savedholder=\count521
\c@introduction=\count522
\c@savedintroduction=\count523
\c@namea=\count524
\c@savednamea=\count525
\c@nameb=\count526
\c@savednameb=\count527
\c@namec=\count528
\c@savednamec=\count529
\c@translator=\count530
\c@savedtranslator=\count531
\c@shortauthor=\count532
\c@savedshortauthor=\count533
\c@shorteditor=\count534
\c@savedshorteditor=\count535
\c@labelname=\count536
\c@savedlabelname=\count537
\c@institution=\count538
\c@savedinstitution=\count539
\c@lista=\count540
\c@savedlista=\count541
\c@listb=\count542
\c@savedlistb=\count543
\c@listc=\count544
\c@savedlistc=\count545
\c@listd=\count546
\c@savedlistd=\count547
\c@liste=\count548
\c@savedliste=\count549
\c@listf=\count550
\c@savedlistf=\count551
\c@location=\count552
\c@savedlocation=\count553
\c@organization=\count554
\c@savedorganization=\count555
\c@origlocation=\count556
\c@savedoriglocation=\count557
\c@origpublisher=\count558
\c@savedorigpublisher=\count559
\c@publisher=\count560
\c@savedpublisher=\count561
\c@language=\count562
\c@savedlanguage=\count563
\c@origlanguage=\count564
\c@savedoriglanguage=\count565
\c@pageref=\count566
\c@savedpageref=\count567
\shorthandwidth=\skip124
\shortjournalwidth=\skip125
\shortserieswidth=\skip126
\shorttitlewidth=\skip127
\shortauthorwidth=\skip128
\shorteditorwidth=\skip129
\locallabelnumberwidth=\skip130
\locallabelalphawidth=\skip131
\localshorthandwidth=\skip132
\localshortjournalwidth=\skip133
\localshortserieswidth=\skip134
\localshorttitlewidth=\skip135
\localshortauthorwidth=\skip136
\localshorteditorwidth=\skip137
Package biblatex Info: Trying to load compatibility code...
Package biblatex Info: ... file 'blx-compat.def' found.
 (/usr/local/texlive/2023/texmf-dist/tex/latex/biblatex/blx-compat.def
File: blx-compat.def 2023/03/05 v3.19 biblatex compatibility (PK/MW)
)
Package biblatex Info: Trying to load generic definitions...
Package biblatex Info: ... file 'biblatex.def' found.
 (/usr/local/texlive/2023/texmf-dist/tex/latex/biblatex/biblatex.def
File: biblatex.def 2023/03/05 v3.19 biblatex compatibility (PK/MW)
\c@textcitecount=\count568
\c@textcitetotal=\count569
\c@textcitemaxnames=\count570
\c@biburlbigbreakpenalty=\count571
\c@biburlbreakpenalty=\count572
\c@biburlnumpenalty=\count573
\c@biburlucpenalty=\count574
\c@biburllcpenalty=\count575
\biburlbigskip=\muskip18
\biburlnumskip=\muskip19
\biburlucskip=\muskip20
\biburllcskip=\muskip21
\c@smartand=\count576
)
Package biblatex Info: Trying to load bibliography style 'numeric'...
Package biblatex Info: ... file 'numeric.bbx' found.
 (/usr/local/texlive/2023/texmf-dist/tex/latex/biblatex/bbx/numeric.bbx
File: numeric.bbx 2023/03/05 v3.19 biblatex bibliography style (PK/MW)
Package biblatex Info: Trying to load bibliography style 'standard'...
Package biblatex Info: ... file 'standard.bbx' found.
 (/usr/local/texlive/2023/texmf-dist/tex/latex/biblatex/bbx/standard.bbx
File: standard.bbx 2023/03/05 v3.19 biblatex bibliography style (PK/MW)
\c@bbx:relatedcount=\count577
\c@bbx:relatedtotal=\count578
))
Package biblatex Info: Trying to load citation style 'numeric'...
Package biblatex Info: ... file 'numeric.cbx' found.
 (/usr/local/texlive/2023/texmf-dist/tex/latex/biblatex/cbx/numeric.cbx
File: numeric.cbx 2023/03/05 v3.19 biblatex citation style (PK/MW)
Package biblatex Info: Redefining '\cite'.
Package biblatex Info: Redefining '\parencite'.
Package biblatex Info: Redefining '\footcite'.
Package biblatex Info: Redefining '\footcitetext'.
Package biblatex Info: Redefining '\smartcite'.
Package biblatex Info: Redefining '\supercite'.
Package biblatex Info: Redefining '\textcite'.
Package biblatex Info: Redefining '\textcites'.
Package biblatex Info: Redefining '\cites'.
Package biblatex Info: Redefining '\parencites'.
Package biblatex Info: Redefining '\smartcites'.
)
Package biblatex Info: Trying to load configuration file...
Package biblatex Info: ... file 'biblatex.cfg' found.
 (/usr/local/texlive/2023/texmf-dist/tex/latex/biblatex/biblatex.cfg
File: biblatex.cfg 
)
Package biblatex Info: Input encoding 'utf8' detected.
Package biblatex Info: Document encoding is UTF8 ....
Package biblatex Info: ... and expl3
(biblatex)             2023-02-22 L3 programming layer (loader) 
(biblatex)             is new enough (at least 2020/04/06),
(biblatex)             setting 'casechanger=expl3'.
 (/usr/local/texlive/2023/texmf-dist/tex/latex/biblatex/blx-case-expl3.sty
Package: blx-case-expl3 2023/03/05 v3.19 expl3 case changing code for biblatex
))
\c@tcb@cnt@thm=\count579
Package hyperref Info: Option `colorlinks' set `true' on input line 614.
\@indexfile=\write6
\openout6 = `hirzebruchriemannroch_theorem.idx'.


Writing index file hirzebruchriemannroch_theorem.idx
Package csquotes Info: Checking for multilingual support...
Package csquotes Info: ... none found.
(./hirzebruchriemannroch_theorem.aux)
\openout1 = `hirzebruchriemannroch_theorem.aux'.

LaTeX Font Info:    Checking defaults for OML/cmm/m/it on input line 627.
LaTeX Font Info:    ... okay on input line 627.
LaTeX Font Info:    Checking defaults for OMS/cmsy/m/n on input line 627.
LaTeX Font Info:    ... okay on input line 627.
LaTeX Font Info:    Checking defaults for OT1/cmr/m/n on input line 627.
LaTeX Font Info:    ... okay on input line 627.
LaTeX Font Info:    Checking defaults for T1/cmr/m/n on input line 627.
LaTeX Font Info:    ... okay on input line 627.
LaTeX Font Info:    Checking defaults for TS1/cmr/m/n on input line 627.
LaTeX Font Info:    ... okay on input line 627.
LaTeX Font Info:    Checking defaults for OMX/cmex/m/n on input line 627.
LaTeX Font Info:    ... okay on input line 627.
LaTeX Font Info:    Checking defaults for U/cmr/m/n on input line 627.
LaTeX Font Info:    ... okay on input line 627.
LaTeX Font Info:    Checking defaults for PD1/pdf/m/n on input line 627.
LaTeX Font Info:    ... okay on input line 627.
LaTeX Font Info:    Checking defaults for PU/pdf/m/n on input line 627.
LaTeX Font Info:    ... okay on input line 627.

*geometry* driver: auto-detecting
*geometry* detected driver: pdftex
*geometry* verbose mode - [ preamble ] result:
* driver: pdftex
* paper: a4paper
* layout: <same size as paper>
* layoutoffset:(h,v)=(0.0pt,0.0pt)
* modes: twoside 
* h-part:(L,W,R)=(65.55515pt, 433.62pt, 98.33273pt)
* v-part:(T,H,B)=(106.75473pt, 578.15999pt, 160.13213pt)
* \paperwidth=597.50787pt
* \paperheight=845.04684pt
* \textwidth=433.62pt
* \textheight=578.15999pt
* \oddsidemargin=-6.71484pt
* \evensidemargin=26.06274pt
* \topmargin=4.41725pt
* \headheight=20.0pt
* \headsep=18.06749pt
* \topskip=10.0pt
* \footskip=25.29494pt
* \marginparwidth=125.0pt
* \marginparsep=7.0pt
* \columnsep=10.0pt
* \skip\footins=9.0pt plus 4.0pt minus 2.0pt
* \hoffset=0.0pt
* \voffset=0.0pt
* \mag=1000
* \@twocolumnfalse
* \@twosidetrue
* \@mparswitchtrue
* \@reversemarginfalse
* (1in=72.27pt=25.4mm, 1cm=28.453pt)

(/usr/local/texlive/2023/texmf-dist/tex/context/base/mkii/supp-pdf.mkii
[Loading MPS to PDF converter (version 2006.09.02).]
\scratchcounter=\count580
\scratchdimen=\dimen331
\scratchbox=\box156
\nofMPsegments=\count581
\nofMParguments=\count582
\everyMPshowfont=\toks96
\MPscratchCnt=\count583
\MPscratchDim=\dimen332
\MPnumerator=\count584
\makeMPintoPDFobject=\count585
\everyMPtoPDFconversion=\toks97
) (/usr/local/texlive/2023/texmf-dist/tex/latex/epstopdf-pkg/epstopdf-base.sty
Package: epstopdf-base 2020-01-24 v2.11 Base part for package epstopdf
Package epstopdf-base Info: Redefining graphics rule for `.eps' on input line 485.
 (/usr/local/texlive/2023/texmf-dist/tex/latex/latexconfig/epstopdf-sys.cfg
File: epstopdf-sys.cfg 2010/07/13 v1.3 Configuration of (r)epstopdf for TeX Live
))
\c@lstlisting=\count586
Package hyperref Info: Link coloring ON on input line 627.
 (./hirzebruchriemannroch_theorem.out) (./hirzebruchriemannroch_theorem.out)
\@outlinefile=\write7
\openout7 = `hirzebruchriemannroch_theorem.out'.


Package pgfplots notification 'compat/show suggested version=true': document has been generated with the most recent feature set (\pgfplotsset{compat=1.18}).

(/usr/local/texlive/2023/texmf-dist/tex/latex/pdflscape/pdflscape.sty
Package: pdflscape 2022-10-27 v0.13 Display of landscape pages in PDF
 (/usr/local/texlive/2023/texmf-dist/tex/latex/pdflscape/pdflscape-nometadata.sty
Package: pdflscape-nometadata 2022-10-28 v0.13 Display of landscape pages in PDF (HO)
 (/usr/local/texlive/2023/texmf-dist/tex/latex/graphics/lscape.sty
Package: lscape 2020/05/28 v3.02 Landscape Pages (DPC)
)
Package pdflscape Info: Auto-detected driver: pdftex on input line 81.
))
Package biblatex Info: Trying to load language 'english'...
Package biblatex Info: ... file 'english.lbx' found.
 (/usr/local/texlive/2023/texmf-dist/tex/latex/biblatex/lbx/english.lbx
File: english.lbx 2023/03/05 v3.19 biblatex localization (PK/MW)
)
Package biblatex Info: Input encoding 'utf8' detected.
Package biblatex Info: Automatic encoding selection.
(biblatex)             Assuming data encoding 'utf8'.
\openout5 = `hirzebruchriemannroch_theorem.bcf'.

Package biblatex Info: Trying to load bibliographic data...
Package biblatex Info: ... file 'hirzebruchriemannroch_theorem.bbl' found.
 (./hirzebruchriemannroch_theorem.bbl)
Package biblatex Info: Reference section=0 on input line 627.
Package biblatex Info: Reference segment=0 on input line 627.
LaTeX Font Info:    Trying to load font information for U+msa on input line 629.
 (/usr/local/texlive/2023/texmf-dist/tex/latex/amsfonts/umsa.fd
File: umsa.fd 2013/01/14 v3.01 AMS symbols A
)
LaTeX Font Info:    Trying to load font information for U+msb on input line 629.
 (/usr/local/texlive/2023/texmf-dist/tex/latex/amsfonts/umsb.fd
File: umsb.fd 2013/01/14 v3.01 AMS symbols B
)
LaTeX Font Info:    Trying to load font information for U+rsfs on input line 629.
 (/usr/local/texlive/2023/texmf-dist/tex/latex/jknapltx/ursfs.fd
File: ursfs.fd 1998/03/24 rsfs font definition file (jk)
)
LaTeX Font Info:    Trying to load font information for U+wasy on input line 629.
 (/usr/local/texlive/2023/texmf-dist/tex/latex/wasysym/uwasy.fd
File: uwasy.fd 2020/01/19 v2.4 Wasy-2 symbol font definitions
) [1


{/usr/local/texlive/2023/texmf-var/fonts/map/pdftex/updmap/pdftex.map}] [2

] (./hirzebruchriemannroch_theorem.toc [3])
\tf@toc=\write8
\openout8 = `hirzebruchriemannroch_theorem.toc'.


Underfull \vbox (badness 10000) has occurred while \output is active []

 [4] [5] [6

]
Chapter 1.
[7] [8] [9] [10] [11] [12] [13] [14] [15] [16] [17] [18

]
Chapter 2.
[19] [20

]
Chapter 3.
[21] [22]
Underfull \vbox (badness 10000) has occurred while \output is active []

 [23]
Underfull \vbox (badness 1642) has occurred while \output is active []

 [24]
pdfTeX warning (ext4): destination with the same identifier (name{tcb@cnt@thm.1}) has been already used, duplicate ignored
<to be read again> 
                   \relax 
l.1446 ...}{Leray-Hirsch Theorem}{leray-HirschThm}
                                                  
pdfTeX warning (ext4): destination with the same identifier (name{tcb@cnt@thm.2}) has been already used, duplicate ignored
<to be read again> 
                   \relax 
l.1467 ...Splitting Principle}{splittingPrinciple}
                                                   [25]
pdfTeX warning (ext4): destination with the same identifier (name{tcb@cnt@thm.1}) has been already used, duplicate ignored
<to be read again> 
                   \relax 
l.1496 ... Chern Classes}{existenceofChernClasses}
                                                   [26]
pdfTeX warning (ext4): destination with the same identifier (name{tcb@cnt@thm.2}) has been already used, duplicate ignored
<to be read again> 
                   \relax 
l.1554 ...defn}{Pontryagin Class}{pontryaginClass}
                                                  
pdfTeX warning (ext4): destination with the same identifier (name{tcb@cnt@thm.3}) has been already used, duplicate ignored
<to be read again> 
                   \relax 
l.1567 ...mology}{characterizingGrassmannianCohom}
                                                   [27] [28]
pdfTeX warning (ext4): destination with the same identifier (name{tcb@cnt@thm.1}) has been already used, duplicate ignored
<to be read again> 
                   \relax 
l.1673 ...racter}{extandTensorsWithChernCharacter}
                                                   [29] [30]
Chapter 4.

Underfull \vbox (badness 10000) has occurred while \output is active []

 [31

] [32]
pdfTeX warning (ext4): destination with the same identifier (name{tcb@cnt@thm.1}) has been already used, duplicate ignored
<to be read again> 
                   \relax 
l.1828 ...n}{Dolbeault Cohomology}{dolbeaultCohom}
                                                  
pdfTeX warning (ext4): destination with the same identifier (name{tcb@cnt@thm.2}) has been already used, duplicate ignored
<to be read again> 
                   \relax 
l.1865 ...or Bundles}{dolbeaultCohomForVecBundles}
                                                   [33]
LaTeX Font Info:    Trying to load font information for U+bbm on input line 1874.
 (/usr/local/texlive/2023/texmf-dist/tex/latex/bbm-macros/ubbm.fd
File: ubbm.fd 1999/03/15 V 1.2 Font definition for bbm font - TH
)
pdfTeX warning (ext4): destination with the same identifier (name{tcb@cnt@thm.3}) has been already used, duplicate ignored
<to be read again> 
                   \relax 
l.1879 ...{thm}{Dolbeault's Theorem}{dolbeaultThm}
                                                   [34] [35] [36]
pdfTeX warning (ext4): destination with the same identifier (name{tcb@cnt@thm.4}) has been already used, duplicate ignored
<to be read again> 
                   \relax 
l.2052 ...ite Dimension Theorem}{kodariaFinDimThm}
                                                  
pdfTeX warning (ext4): destination with the same identifier (name{tcb@cnt@thm.5}) has been already used, duplicate ignored
<to be read again> 
                   \relax 
l.2066 ...odge Duality Theorem}{serreHodgeDuality}
                                                  
pdfTeX warning (ext4): destination with the same identifier (name{tcb@cnt@thm.6}) has been already used, duplicate ignored
<to be read again> 
                   \relax 
l.2077 \begin{defn}{Hodge Number}{hodgeNumber}
                                               [37]
pdfTeX warning (ext4): destination with the same identifier (name{tcb@cnt@thm.1}) has been already used, duplicate ignored
<to be read again> 
                   \relax 
l.2107 \begin{defn}{K\"ahler Metric}{kahlerMetric}
                                                  
pdfTeX warning (ext4): destination with the same identifier (name{tcb@cnt@thm.2}) has been already used, duplicate ignored
<to be read again> 
                   \relax 
l.2119 ...defn}{K\"ahler Manifold}{kahlerManifold}
                                                  
pdfTeX warning (ext4): destination with the same identifier (name{tcb@cnt@thm.3}) has been already used, duplicate ignored
<to be read again> 
                   \relax 
l.2126 ...}{symmetryofHodgeNumberOnKahlerManifold}
                                                   [38]
pdfTeX warning (ext4): destination with the same identifier (name{tcb@cnt@thm.4}) has been already used, duplicate ignored
<to be read again> 
                   \relax 
l.2151 \begin{thm}{Bertini Theorem}{bertiniThm}
                                               
pdfTeX warning (ext4): destination with the same identifier (name{tcb@cnt@thm.5}) has been already used, duplicate ignored
<to be read again> 
                   \relax 
l.2163 ...y}{characterizingVarietiesGeoemtrically}
                                                  
pdfTeX warning (ext4): destination with the same identifier (name{tcb@cnt@thm.6}) has been already used, duplicate ignored
<to be read again> 
                   \relax 
l.2176 ... Vanishing Theorem}{kodariaVanishingThm}
                                                   [39]
pdfTeX warning (ext4): destination with the same identifier (name{tcb@cnt@thm.7}) has been already used, duplicate ignored
<to be read again> 
                   \relax 
l.2191 ...teristic}{kodairaVanishingThm-EulerChar}
                                                   [40]
pdfTeX warning (ext4): destination with the same identifier (name{tcb@cnt@thm.1}) has been already used, duplicate ignored
<to be read again> 
                   \relax 
l.2286 ...haracteristic}{totalEulerCharacteristic}
                                                   [41]
pdfTeX warning (ext4): destination with the same identifier (name{tcb@cnt@thm.2}) has been already used, duplicate ignored
<to be read again> 
                   \relax 
l.2339 ...acteristic and Index}{eulerCharandIndex}
                                                   [42]
pdfTeX warning (ext4): destination with the same identifier (name{tcb@cnt@thm.3}) has been already used, duplicate ignored
<to be read again> 
                   \relax 
l.2374 ..."ahler Manifolds}{charLineBundleKahlMan}
                                                   [43]
pdfTeX warning (ext4): destination with the same identifier (name{tcb@cnt@thm.4}) has been already used, duplicate ignored
<to be read again> 
                   \relax 
l.2422 ... Additive}{generalizedEulerCharAdditive}
                                                  
pdfTeX warning (ext4): destination with the same identifier (name{tcb@cnt@thm.5}) has been already used, duplicate ignored
<to be read again> 
                   \relax 
l.2439 ...eristic}{splittingPrincipleandEulerChar}
                                                   [44]
pdfTeX warning (ext4): destination with the same identifier (name{tcb@cnt@thm.6}) has been already used, duplicate ignored
<to be read again> 
                   \relax 
l.2459 ...{Extending via Divisors}{extViaDivisors}
                                                  
pdfTeX warning (ext4): destination with the same identifier (name{tcb@cnt@thm.7}) has been already used, duplicate ignored
<to be read again> 
                   \relax 
l.2477 ...g Divisor}{splitPrinEulerCharAndDivisor}
                                                   [45] [46]

Package hyperref Warning: Token not allowed in a PDF string (Unicode):
(hyperref)                removing `math shift' on input line 2550.


Package hyperref Warning: Token not allowed in a PDF string (Unicode):
(hyperref)                removing `\chi' on input line 2550.


Package hyperref Warning: Token not allowed in a PDF string (Unicode):
(hyperref)                removing `subscript' on input line 2550.


Package hyperref Warning: Token not allowed in a PDF string (Unicode):
(hyperref)                removing `math shift' on input line 2550.

[47] [48

]
Chapter 5.

pdfTeX warning (ext4): destination with the same identifier (name{tcb@cnt@thm.1}) has been already used, duplicate ignored
<to be read again> 
                   \relax 
l.2577 ...Generalization}{incorrectGeneralization}
                                                   [49]
Underfull \vbox (badness 1112) has occurred while \output is active []

 [50]
pdfTeX warning (ext4): destination with the same identifier (name{tcb@cnt@thm.1}) has been already used, duplicate ignored
<to be read again> 
                   \relax 
l.2681 ...cative Sequence}{multiplicativeSequence}
                                                  
Underfull \vbox (badness 10000) has occurred while \output is active []

 [51]
pdfTeX warning (ext4): destination with the same identifier (name{tcb@cnt@thm.2}) has been already used, duplicate ignored
<to be read again> 
                   \relax 
l.2720 ...orresp1-unitPowerSeriesand$m$-sequences}
                                                   [52] [53]
pdfTeX warning (ext4): destination with the same identifier (name{tcb@cnt@thm.3}) has been already used, duplicate ignored
<to be read again> 
                   \relax 
l.2812 ...f $m$-sequence}{computationofM-sequence}
                                                   [54]
pdfTeX warning (ext4): destination with the same identifier (name{tcb@cnt@thm.4}) has been already used, duplicate ignored
<to be read again> 
                   \relax 
l.2861 ...Series}{coefficientofL-genusPowerSeries}
                                                  
LaTeX Font Info:    Font shape `OT1/pzc/m/it' will be
(Font)              scaled to size 11.00006pt on input line 2883.
LaTeX Font Info:    Font shape `OT1/pzc/m/it' will be
(Font)              scaled to size 7.70004pt on input line 2883.
LaTeX Font Info:    Font shape `OT1/pzc/m/it' will be
(Font)              scaled to size 5.50003pt on input line 2883.
 [55{/usr/local/texlive/2023/texmf-dist/fonts/enc/dvips/base/8r.enc}]
pdfTeX warning (ext4): destination with the same identifier (name{tcb@cnt@thm.5}) has been already used, duplicate ignored
<to be read again> 
                   \relax 
l.2921 \begin{defn}{K-genus}{k-genus}
                                     
pdfTeX warning (ext4): destination with the same identifier (name{tcb@cnt@thm.6}) has been already used, duplicate ignored
<to be read again> 
                   \relax 
l.2937 ...}{K-genus is Multiplicative}{kGenusMult}
                                                   [56]
pdfTeX warning (ext4): destination with the same identifier (name{tcb@cnt@thm.7}) has been already used, duplicate ignored
<to be read again> 
                   \relax 
l.2968 \begin{lem}{}{geoCharofToddGenus}
                                        
pdfTeX warning (ext4): destination with the same identifier (name{tcb@cnt@thm.8}) has been already used, duplicate ignored
<to be read again> 
                   \relax 
l.3005 ...ing $T_y$-Polynomial}{computingToddPoly}
                                                   [57] [58]
pdfTeX warning (ext4): destination with the same identifier (name{tcb@cnt@thm.1}) has been already used, duplicate ignored
<to be read again> 
                   \relax 
l.3055 \begin{defn}{Todd Class}{toddClass}
                                           [59]
pdfTeX warning (ext4): destination with the same identifier (name{tcb@cnt@thm.2}) has been already used, duplicate ignored
<to be read again> 
                   \relax 
l.3112 ...ter}{relatingToddClassandChernCharacter}
                                                  
pdfTeX warning (ext4): destination with the same identifier (name{tcb@cnt@thm.3}) has been already used, duplicate ignored
<to be read again> 
                   \relax 
l.3132 ...ox}{Relation to Serge Class}{sergeClass}
                                                  
pdfTeX warning (ext4): destination with the same identifier (name{tcb@cnt@thm.4}) has been already used, duplicate ignored
<to be read again> 
                   \relax 
l.3140 \begin{defn}{Todd Genus}{toddGenus}
                                          
Underfull \vbox (badness 10000) has occurred while \output is active []

 [60]
pdfTeX warning (ext4): destination with the same identifier (name{tcb@cnt@thm.5}) has been already used, duplicate ignored
<to be read again> 
                   \relax 
l.3183 ...operties of Todd Genus}{propofToddGenus}
                                                   [61]
pdfTeX warning (ext4): destination with the same identifier (name{tcb@cnt@thm.1}) has been already used, duplicate ignored
<to be read again> 
                   \relax 
l.3224 ...efn}{T-characteristic}{t-characteristic}
                                                   [62] [63]
pdfTeX warning (ext4): destination with the same identifier (name{tcb@cnt@thm.1}) has been already used, duplicate ignored
<to be read again> 
                   \relax 
l.3352 ...n}{Virtual Todd Genus}{virtualToddGenus}
                                                   [64] [65]
pdfTeX warning (ext4): destination with the same identifier (name{tcb@cnt@thm.2}) has been already used, duplicate ignored
<to be read again> 
                   \relax 
l.3413 ...l Todd Genus}{splittingAndVirtToddGenus}
                                                   [66]
Chapter 6.

pdfTeX warning (ext4): destination with the same identifier (name{tcb@cnt@thm.1}) has been already used, duplicate ignored
<to be read again> 
                   \relax 
l.3441 \begin{defn}{Cobordant}{cobordant}
                                          [67

]
pdfTeX warning (ext4): destination with the same identifier (name{tcb@cnt@thm.1}) has been already used, duplicate ignored
<to be read again> 
                   \relax 
l.3507 ...ers and Chern Number}{pontryaginNumbers}
                                                  
Overfull \hbox (1.49767pt too wide) in paragraph at lines 3523--3527
[]\OT1/cmr/m/n/10 By def-i-ni-tion of the Eu-ler class, if $\OML/cmm/m/it/10 M[]$ \OT1/cmr/m/n/10 is an ori-ented al-most com-plex man-i-fold, $\OML/cmm/m/it/10 c[]\OT1/cmr/m/n/10 [\OML/cmm/m/it/10 M[]\OT1/cmr/m/n/10 ] = \OML/cmm/m/it/10 ^^_\OT1/cmr/m/n/10 (\OML/cmm/m/it/10 M[]; TM[]\OT1/cmr/m/n/10 )$,
 []

[68]
pdfTeX warning (ext4): destination with the same identifier (name{tcb@cnt@thm.2}) has been already used, duplicate ignored
<to be read again> 
                   \relax 
l.3556 ...fn}{Algebraic K-genus}{algebraicK-genus}
                                                  
pdfTeX warning (ext4): destination with the same identifier (name{tcb@cnt@thm.3}) has been already used, duplicate ignored
<to be read again> 
                   \relax 
l.3565 ...f Algebraic Genus}{propofAlgebraicGenus}
                                                  
pdfTeX warning (ext4): destination with the same identifier (name{tcb@cnt@thm.4}) has been already used, duplicate ignored
<to be read again> 
                   \relax 
l.3581 ...iented Cobordism Ring}{algCobordismRing}
                                                   [69]
pdfTeX warning (ext4): destination with the same identifier (name{tcb@cnt@thm.5}) has been already used, duplicate ignored
<to be read again> 
                   \relax 
l.3623 \begin{defn}{Basis Sequence}{basisSequence}
                                                  
pdfTeX warning (ext4): destination with the same identifier (name{tcb@cnt@thm.6}) has been already used, duplicate ignored
<to be read again> 
                   \relax 
l.3631 ...ce Correspondence}{basisSequenceCorresp}
                                                   [70]
pdfTeX warning (ext4): destination with the same identifier (name{tcb@cnt@thm.7}) has been already used, duplicate ignored
<to be read again> 
                   \relax 
l.3654 ...Sequence}{complexProjFormsBasisSequence}
                                                  
pdfTeX warning (ext4): destination with the same identifier (name{tcb@cnt@thm.8}) has been already used, duplicate ignored
<to be read again> 
                   \relax 
l.3671 ...basisSequenceWithRationalNumbersCorresp}
                                                   [71]
pdfTeX warning (ext4): destination with the same identifier (name{tcb@cnt@thm.9}) has been already used, duplicate ignored
<to be read again> 
                   \relax 
l.3700 ...rdism Ring}{isoofAlgebraicCobordismRing}
                                                  
pdfTeX warning (ext4): destination with the same identifier (name{tcb@cnt@thm.10}) has been already used, duplicate ignored
<to be read again> 
                   \relax 
l.3728 ...momorphisms}{characterizingRationalHomo}
                                                  
pdfTeX warning (ext4): destination with the same identifier (name{tcb@cnt@thm.11}) has been already used, duplicate ignored
<to be read again> 
                   \relax 
l.3742 ... Cobordism Ring}{geometricCobordismRing}
                                                   [72]
pdfTeX warning (ext4): destination with the same identifier (name{tcb@cnt@thm.1}) has been already used, duplicate ignored
<to be read again> 
                   \relax 
l.3794 \begin{defn}{Index}{index}
                                  [73]
pdfTeX warning (ext4): destination with the same identifier (name{tcb@cnt@thm.2}) has been already used, duplicate ignored
<to be read again> 
                   \relax 
l.3802 \begin{thm}{Index is Genus}{indexisGenus}
                                                 [74]
pdfTeX warning (ext4): destination with the same identifier (name{tcb@cnt@thm.3}) has been already used, duplicate ignored
<to be read again> 
                   \relax 
l.3872 ...gnature Theorem}{hirzebruchSignatureThm}
                                                  
Underfull \vbox (badness 1194) has occurred while \output is active []

 [75]
pdfTeX warning (ext4): destination with the same identifier (name{tcb@cnt@thm.1}) has been already used, duplicate ignored
<to be read again> 
                   \relax 
l.3919 ...ChernClassofCodimension1ComplexManifold}
                                                  
pdfTeX warning (ext4): destination with the same identifier (name{tcb@cnt@thm.2}) has been already used, duplicate ignored
<to be read again> 
                   \relax 
l.3933 ...sses}{relatingChernandPontryaginClasses}
                                                  
Underfull \vbox (badness 10000) has occurred while \output is active []

 [76]
pdfTeX warning (ext4): destination with the same identifier (name{tcb@cnt@thm.3}) has been already used, duplicate ignored
<to be read again> 
                   \relax 
l.3947 ...olds}{relationForAlmostComplexManifolds}
                                                   [77]
pdfTeX warning (ext4): destination with the same identifier (name{tcb@cnt@thm.4}) has been already used, duplicate ignored
<to be read again> 
                   \relax 
l.4036 \begin{defn}{Virtual Index}{virtualIndex}
                                                 [78]
pdfTeX warning (ext4): destination with the same identifier (name{tcb@cnt@thm.5}) has been already used, duplicate ignored
<to be read again> 
                   \relax 
l.4056 ...ion of Virtual Index}{funcEqOfVirtIndex}
                                                   [79] [80

]
Chapter 7.

pdfTeX warning (ext4): destination with the same identifier (name{tcb@cnt@thm.1}) has been already used, duplicate ignored
<to be read again> 
                   \relax 
l.4102 ...les}{rrForRiemannSurfacewithLineBundles}
                                                   [81] [82]
pdfTeX warning (ext4): destination with the same identifier (name{tcb@cnt@thm.2}) has been already used, duplicate ignored
<to be read again> 
                   \relax 
l.4230 ...ector Bundles}{atiyah-serreOnVecBundles}
                                                  
LaTeX Font Info:    Font shape `OT1/pzc/m/it' will be
(Font)              scaled to size 8.80005pt on input line 4234.
LaTeX Font Info:    Font shape `OT1/pzc/m/it' will be
(Font)              scaled to size 6.60004pt on input line 4234.
 [83] [84]
pdfTeX warning (ext4): destination with the same identifier (name{tcb@cnt@thm.3}) has been already used, duplicate ignored
<to be read again> 
                   \relax 
l.4304 ...dles}{rrForRiemannSurfaceWithVecBundles}
                                                   [85]
pdfTeX warning (ext4): destination with the same identifier (name{tcb@cnt@thm.1}) has been already used, duplicate ignored
<to be read again> 
                   \relax 
l.4371 ... Manifold}{splittingofAlgebraicManifold}
                                                   [86]
pdfTeX warning (ext4): destination with the same identifier (name{tcb@cnt@thm.2}) has been already used, duplicate ignored
<to be read again> 
                   \relax 
l.4399 ...r-characteristicInvariantUnderSplitting}
                                                  
pdfTeX warning (ext4): destination with the same identifier (name{tcb@cnt@thm.3}) has been already used, duplicate ignored
<to be read again> 
                   \relax 
l.4417 ...quivalence}{toddandArithmeticGenusEquiv}
                                                  
pdfTeX warning (ext4): destination with the same identifier (name{tcb@cnt@thm.4}) has been already used, duplicate ignored
<to be read again> 
                   \relax 
l.4430 ...n To Line Splitting}{extToLineSplitting}
                                                   [87] [88] [89

]
Overfull \hbox (30.4596pt too wide) in paragraph at lines 4508--4508
\OT1/cmtt/m/n/10 info : XErvue4ovgwJ : scholar . google . com & ots = OR51pvoipT & sig = NcjWQsiJwE9XL79fBWQTMMub5WM$[][]\OT1/cmr/m/n/10 . 
 []

[90] (./hirzebruchriemannroch_theorem.aux)
Package rerunfilecheck Info: File `hirzebruchriemannroch_theorem.out' has not changed.
(rerunfilecheck)             Checksum: 50AAA7F4AF4EFB4EA3BEFF11817AE104;8387.
Package logreq Info: Writing requests to 'hirzebruchriemannroch_theorem.run.xml'.
\openout1 = `hirzebruchriemannroch_theorem.run.xml'.

 ) 
Here is how much of TeX's memory you used:
 56959 strings out of 476025
 1313066 string characters out of 5790017
 2214253 words of memory out of 5000000
 76238 multiletter control sequences out of 15000+600000
 534256 words of font info for 111 fonts, out of 8000000 for 9000
 1141 hyphenation exceptions out of 8191
 101i,17n,110p,798b,1772s stack positions out of 10000i,1000n,20000p,200000b,200000s

pdfTeX warning (dest): name{Hfootnote.7} has been referenced but does not exist, replaced by a fixed one


pdfTeX warning (dest): name{Hfootnote.6} has been referenced but does not exist, replaced by a fixed one


pdfTeX warning (dest): name{Hfootnote.5} has been referenced but does not exist, replaced by a fixed one


pdfTeX warning (dest): name{Hfootnote.4} has been referenced but does not exist, replaced by a fixed one


pdfTeX warning (dest): name{Hfootnote.3} has been referenced but does not exist, replaced by a fixed one


pdfTeX warning (dest): name{Hfootnote.2} has been referenced but does not exist, replaced by a fixed one


pdfTeX warning (dest): name{Hfootnote.1} has been referenced but does not exist, replaced by a fixed one

 </Users/nathanaelchwojko-srawkey/Library/texlive/2023/texmf-var/fonts/pk/ljfour/public/bbm/bbm10.600pk></usr/local/texlive/2023/texmf-dist/fonts/type1/public/amsfonts/cm/cmbx10.pfb></usr/local/texlive/2023/texmf-dist/fonts/type1/public/amsfonts/cm/cmbx12.pfb></usr/local/texlive/2023/texmf-dist/fonts/type1/public/amsfonts/cm/cmbx7.pfb></usr/local/texlive/2023/texmf-dist/fonts/type1/public/amsfonts/cm/cmbxti10.pfb></usr/local/texlive/2023/texmf-dist/fonts/type1/public/amsfonts/cm/cmcsc10.pfb></usr/local/texlive/2023/texmf-dist/fonts/type1/public/amsfonts/cm/cmex10.pfb></usr/local/texlive/2023/texmf-dist/fonts/type1/public/amsfonts/cm/cmmi10.pfb></usr/local/texlive/2023/texmf-dist/fonts/type1/public/amsfonts/cm/cmmi12.pfb></usr/local/texlive/2023/texmf-dist/fonts/type1/public/amsfonts/cm/cmmi5.pfb></usr/local/texlive/2023/texmf-dist/fonts/type1/public/amsfonts/cm/cmmi6.pfb></usr/local/texlive/2023/texmf-dist/fonts/type1/public/amsfonts/cm/cmmi7.pfb></usr/local/texlive/2023/texmf-dist/fonts/type1/public/amsfonts/cm/cmmi8.pfb></usr/local/texlive/2023/texmf-dist/fonts/type1/public/amsfonts/cm/cmr10.pfb></usr/local/texlive/2023/texmf-dist/fonts/type1/public/amsfonts/cm/cmr12.pfb></usr/local/texlive/2023/texmf-dist/fonts/type1/public/amsfonts/cm/cmr5.pfb></usr/local/texlive/2023/texmf-dist/fonts/type1/public/amsfonts/cm/cmr6.pfb></usr/local/texlive/2023/texmf-dist/fonts/type1/public/amsfonts/cm/cmr7.pfb></usr/local/texlive/2023/texmf-dist/fonts/type1/public/amsfonts/cm/cmr8.pfb></usr/local/texlive/2023/texmf-dist/fonts/type1/public/amsfonts/cm/cmsl10.pfb></usr/local/texlive/2023/texmf-dist/fonts/type1/public/amsfonts/cm/cmsy10.pfb></usr/local/texlive/2023/texmf-dist/fonts/type1/public/amsfonts/cm/cmsy5.pfb></usr/local/texlive/2023/texmf-dist/fonts/type1/public/amsfonts/cm/cmsy7.pfb></usr/local/texlive/2023/texmf-dist/fonts/type1/public/amsfonts/cm/cmsy8.pfb></usr/local/texlive/2023/texmf-dist/fonts/type1/public/amsfonts/cm/cmti10.pfb></usr/local/texlive/2023/texmf-dist/fon
ts/type1/public/amsfonts/cm/cmti7.pfb></usr/local/texlive/2023/texmf-dist/fonts/type1/public/amsfonts/cm/cmti8.pfb></usr/local/texlive/2023/texmf-dist/fonts/type1/public/amsfonts/cm/cmtt10.pfb></usr/local/texlive/2023/texmf-dist/fonts/type1/public/amsfonts/symbols/msam10.pfb></usr/local/texlive/2023/texmf-dist/fonts/type1/public/amsfonts/symbols/msbm10.pfb></usr/local/texlive/2023/texmf-dist/fonts/type1/public/amsfonts/symbols/msbm7.pfb></usr/local/texlive/2023/texmf-dist/fonts/type1/public/rsfs/rsfs10.pfb></usr/local/texlive/2023/texmf-dist/fonts/type1/urw/zapfchan/uzcmi8a.pfb>
Output written on hirzebruchriemannroch_theorem.pdf (90 pages, 718478 bytes).
PDF statistics:
 1105 PDF objects out of 1200 (max. 8388607)
 914 compressed objects within 10 object streams
 222 named destinations out of 1000 (max. 500000)
 477 words of extra memory for PDF output out of 10000 (max. 10000000)

